ARM Linker, 4.1 [Build 481] [Standard]

==============================================================================

Section Cross References

    startup_lpc17xx.o(STACK) refers (Special) to heapauxi.o(.text) for __use_two_region_memory
    startup_lpc17xx.o(HEAP) refers (Special) to heapauxi.o(.text) for __use_two_region_memory
    startup_lpc17xx.o(RESET) refers (Special) to heapauxi.o(.text) for __use_two_region_memory
    startup_lpc17xx.o(RESET) refers to startup_lpc17xx.o(STACK) for __initial_sp
    startup_lpc17xx.o(RESET) refers to startup_lpc17xx.o(.text) for Reset_Handler
    startup_lpc17xx.o(RESET) refers to main.o(.text) for UART0_IRQHandler
    startup_lpc17xx.o(.text) refers (Special) to heapauxi.o(.text) for __use_two_region_memory
    startup_lpc17xx.o(.text) refers to __main.o(!!!main) for __main
    startup_lpc17xx.o(.text) refers to startup_lpc17xx.o(HEAP) for Heap_Mem
    startup_lpc17xx.o(.text) refers to startup_lpc17xx.o(STACK) for Stack_Mem
    main.o(.text) refers to dflt_clz.o(x$fpl$dfltu) for __aeabi_ui2d
    main.o(.text) refers to ddiv.o(x$fpl$ddiv) for __aeabi_ddiv
    main.o(.text) refers to d2f.o(x$fpl$d2f) for __aeabi_d2f
    main.o(.text) refers to fflt_clz.o(x$fpl$fflt) for __aeabi_i2f
    main.o(.text) refers to fmul.o(x$fpl$fmul) for __aeabi_fmul
    main.o(.text) refers to faddsub_clz.o(x$fpl$fadd) for __aeabi_fadd
    main.o(.text) refers to ffix.o(x$fpl$ffix) for __aeabi_f2iz
    main.o(.text) refers to main.o(.bss) for RecievePacket
    main.o(.text) refers to main.o(.data) for M1DesireSpeed
    main.o(.text) refers to system_lpc17xx.o(.text) for SystemInit
    main.o(.text) refers to uart.o(.text) for UART0_Init
    main.o(.text) refers to pwm.o(.text) for PWM_Init
    main.o(.text) refers to gpio.o(.text) for GPIO_Init
    main.o(.text) refers to timer.o(.text) for Timer_Init
    main.o(.text) refers to rit.o(.text) for RIT_Init
    main.o(.text) refers to exti.o(.text) for EXTI_Init
    system_lpc17xx.o(.text) refers to system_lpc17xx.o(.data) for SystemCoreClock
    __main.o(!!!main) refers to rtentry.o(.ARM.Collect$$rtentry$$00000000) for __rt_entry
    d2f.o(x$fpl$d2f) refers (Special) to usenofp.o(x$fpl$usenofp) for __I$use$fp
    d2f.o(x$fpl$d2f) refers to fretinf.o(x$fpl$fretinf) for __fpl_fretinf
    d2f.o(x$fpl$d2f) refers to dnaninf.o(x$fpl$dnaninf) for __fpl_dnaninf
    ddiv.o(x$fpl$drdiv) refers (Special) to usenofp.o(x$fpl$usenofp) for __I$use$fp
    ddiv.o(x$fpl$drdiv) refers to ddiv.o(x$fpl$ddiv) for ddiv_entry
    ddiv.o(x$fpl$ddiv) refers (Special) to usenofp.o(x$fpl$usenofp) for __I$use$fp
    ddiv.o(x$fpl$ddiv) refers to dretinf.o(x$fpl$dretinf) for __fpl_dretinf
    ddiv.o(x$fpl$ddiv) refers to dnaninf.o(x$fpl$dnaninf) for __fpl_dnaninf
    dflt_clz.o(x$fpl$dfltu) refers (Special) to usenofp.o(x$fpl$usenofp) for __I$use$fp
    dflt_clz.o(x$fpl$dflt) refers (Special) to usenofp.o(x$fpl$usenofp) for __I$use$fp
    dflt_clz.o(x$fpl$dfltn) refers (Special) to usenofp.o(x$fpl$usenofp) for __I$use$fp
    faddsub_clz.o(x$fpl$fadd) refers (Special) to usenofp.o(x$fpl$usenofp) for __I$use$fp
    faddsub_clz.o(x$fpl$fadd) refers to faddsub_clz.o(x$fpl$fsub) for _fsub1
    faddsub_clz.o(x$fpl$fadd) refers to fretinf.o(x$fpl$fretinf) for __fpl_fretinf
    faddsub_clz.o(x$fpl$fadd) refers to fnaninf.o(x$fpl$fnaninf) for __fpl_fnaninf
    faddsub_clz.o(x$fpl$frsb) refers (Special) to usenofp.o(x$fpl$usenofp) for __I$use$fp
    faddsub_clz.o(x$fpl$frsb) refers to faddsub_clz.o(x$fpl$fadd) for _fadd1
    faddsub_clz.o(x$fpl$frsb) refers to faddsub_clz.o(x$fpl$fsub) for _fsub1
    faddsub_clz.o(x$fpl$fsub) refers (Special) to usenofp.o(x$fpl$usenofp) for __I$use$fp
    faddsub_clz.o(x$fpl$fsub) refers to faddsub_clz.o(x$fpl$fadd) for _fadd1
    faddsub_clz.o(x$fpl$fsub) refers to fnaninf.o(x$fpl$fnaninf) for __fpl_fnaninf
    ffix.o(x$fpl$ffix) refers (Special) to usenofp.o(x$fpl$usenofp) for __I$use$fp
    ffix.o(x$fpl$ffix) refers to fnaninf.o(x$fpl$fnaninf) for __fpl_fnaninf
    ffix.o(x$fpl$ffixr) refers (Special) to usenofp.o(x$fpl$usenofp) for __I$use$fp
    ffix.o(x$fpl$ffixr) refers to fnaninf.o(x$fpl$fnaninf) for __fpl_fnaninf
    fflt_clz.o(x$fpl$ffltu) refers (Special) to usenofp.o(x$fpl$usenofp) for __I$use$fp
    fflt_clz.o(x$fpl$fflt) refers (Special) to usenofp.o(x$fpl$usenofp) for __I$use$fp
    fflt_clz.o(x$fpl$ffltn) refers (Special) to usenofp.o(x$fpl$usenofp) for __I$use$fp
    fmul.o(x$fpl$fmul) refers (Special) to usenofp.o(x$fpl$usenofp) for __I$use$fp
    fmul.o(x$fpl$fmul) refers to fretinf.o(x$fpl$fretinf) for __fpl_fretinf
    fmul.o(x$fpl$fmul) refers to fnaninf.o(x$fpl$fnaninf) for __fpl_fnaninf
    rtentry.o(.ARM.Collect$$rtentry$$00000000) refers (Special) to rtentry2.o(.ARM.Collect$$rtentry$$0000000A) for __rt_entry_li
    rtentry.o(.ARM.Collect$$rtentry$$00000000) refers (Special) to rtentry2.o(.ARM.Collect$$rtentry$$0000000D) for __rt_entry_main
    rtentry.o(.ARM.Collect$$rtentry$$00000000) refers (Special) to rtentry2.o(.ARM.Collect$$rtentry$$0000000C) for __rt_entry_postli_1
    rtentry.o(.ARM.Collect$$rtentry$$00000000) refers (Special) to rtentry2.o(.ARM.Collect$$rtentry$$00000009) for __rt_entry_postsh_1
    rtentry.o(.ARM.Collect$$rtentry$$00000000) refers (Special) to rtentry2.o(.ARM.Collect$$rtentry$$00000002) for __rt_entry_presh_1
    rtentry.o(.ARM.Collect$$rtentry$$00000000) refers (Special) to rtentry4.o(.ARM.Collect$$rtentry$$00000004) for __rt_entry_sh
    rtentry.o(.ARM.exidx) refers (Special) to rtentry2.o(.ARM.Collect$$rtentry$$0000000A) for __rt_entry_li
    rtentry.o(.ARM.exidx) refers (Special) to rtentry2.o(.ARM.Collect$$rtentry$$0000000D) for __rt_entry_main
    rtentry.o(.ARM.exidx) refers (Special) to rtentry2.o(.ARM.Collect$$rtentry$$0000000C) for __rt_entry_postli_1
    rtentry.o(.ARM.exidx) refers (Special) to rtentry2.o(.ARM.Collect$$rtentry$$00000009) for __rt_entry_postsh_1
    rtentry.o(.ARM.exidx) refers (Special) to rtentry2.o(.ARM.Collect$$rtentry$$00000002) for __rt_entry_presh_1
    rtentry.o(.ARM.exidx) refers (Special) to rtentry4.o(.ARM.Collect$$rtentry$$00000004) for __rt_entry_sh
    rtentry.o(.ARM.exidx) refers to rtentry.o(.ARM.Collect$$rtentry$$00000000) for .ARM.Collect$$rtentry$$00000000
    dnaninf.o(x$fpl$dnaninf) refers (Special) to usenofp.o(x$fpl$usenofp) for __I$use$fp
    dretinf.o(x$fpl$dretinf) refers (Special) to usenofp.o(x$fpl$usenofp) for __I$use$fp
    fnaninf.o(x$fpl$fnaninf) refers (Special) to usenofp.o(x$fpl$usenofp) for __I$use$fp
    fretinf.o(x$fpl$fretinf) refers (Special) to usenofp.o(x$fpl$usenofp) for __I$use$fp
    rtentry2.o(.ARM.Collect$$rtentry$$00000008) refers to boardinit2.o(.text) for _platform_post_stackheap_init
    rtentry2.o(.ARM.Collect$$rtentry$$0000000A) refers to libinit.o(.ARM.Collect$$libinit$$00000000) for __rt_lib_init
    rtentry2.o(.ARM.Collect$$rtentry$$0000000B) refers to boardinit3.o(.text) for _platform_post_lib_init
    rtentry2.o(.ARM.Collect$$rtentry$$0000000D) refers to main.o(.text) for main
    rtentry2.o(.ARM.Collect$$rtentry$$0000000D) refers to exit.o(.text) for exit
    rtentry2.o(.ARM.exidx) refers to rtentry2.o(.ARM.Collect$$rtentry$$00000001) for .ARM.Collect$$rtentry$$00000001
    rtentry2.o(.ARM.exidx) refers to rtentry2.o(.ARM.Collect$$rtentry$$00000002) for .ARM.Collect$$rtentry$$00000002
    rtentry2.o(.ARM.exidx) refers to rtentry2.o(.ARM.Collect$$rtentry$$00000008) for .ARM.Collect$$rtentry$$00000008
    rtentry2.o(.ARM.exidx) refers to rtentry2.o(.ARM.Collect$$rtentry$$00000009) for .ARM.Collect$$rtentry$$00000009
    rtentry2.o(.ARM.exidx) refers to rtentry2.o(.ARM.Collect$$rtentry$$0000000A) for .ARM.Collect$$rtentry$$0000000A
    rtentry2.o(.ARM.exidx) refers to rtentry2.o(.ARM.Collect$$rtentry$$0000000B) for .ARM.Collect$$rtentry$$0000000B
    rtentry2.o(.ARM.exidx) refers to rtentry2.o(.ARM.Collect$$rtentry$$0000000C) for .ARM.Collect$$rtentry$$0000000C
    rtentry2.o(.ARM.exidx) refers to rtentry2.o(.ARM.Collect$$rtentry$$0000000D) for .ARM.Collect$$rtentry$$0000000D
    rtentry4.o(.ARM.Collect$$rtentry$$00000004) refers to sys_stackheap_outer.o(.text) for __user_setup_stackheap
    rtentry4.o(.ARM.exidx) refers to rtentry4.o(.ARM.Collect$$rtentry$$00000004) for .ARM.Collect$$rtentry$$00000004
    sys_stackheap_outer.o(.text) refers to libspace.o(.text) for __user_perproc_libspace
    sys_stackheap_outer.o(.text) refers to startup_lpc17xx.o(.text) for __user_initial_stackheap
    exit.o(.text) refers to rtexit.o(.ARM.Collect$$rtexit$$00000000) for __rt_exit
    libinit.o(.ARM.Collect$$libinit$$00000000) refers (Special) to libinit2.o(.ARM.Collect$$libinit$$0000002A) for __rt_lib_init_alloca_1
    libinit.o(.ARM.Collect$$libinit$$00000000) refers (Special) to libinit2.o(.ARM.Collect$$libinit$$00000028) for __rt_lib_init_argv_1
    libinit.o(.ARM.Collect$$libinit$$00000000) refers (Special) to libinit2.o(.ARM.Collect$$libinit$$00000017) for __rt_lib_init_atexit_1
    libinit.o(.ARM.Collect$$libinit$$00000000) refers (Special) to libinit2.o(.ARM.Collect$$libinit$$0000001D) for __rt_lib_init_clock_1
    libinit.o(.ARM.Collect$$libinit$$00000000) refers (Special) to libinit2.o(.ARM.Collect$$libinit$$0000002E) for __rt_lib_init_cpp_1
    libinit.o(.ARM.Collect$$libinit$$00000000) refers (Special) to libinit2.o(.ARM.Collect$$libinit$$0000002C) for __rt_lib_init_exceptions_1
    libinit.o(.ARM.Collect$$libinit$$00000000) refers (Special) to libinit2.o(.ARM.Collect$$libinit$$0000001B) for __rt_lib_init_fp_trap_1
    libinit.o(.ARM.Collect$$libinit$$00000000) refers (Special) to libinit2.o(.ARM.Collect$$libinit$$0000001F) for __rt_lib_init_getenv_1
    libinit.o(.ARM.Collect$$libinit$$00000000) refers (Special) to libinit2.o(.ARM.Collect$$libinit$$00000006) for __rt_lib_init_heap_1
    libinit.o(.ARM.Collect$$libinit$$00000000) refers (Special) to libinit2.o(.ARM.Collect$$libinit$$0000000D) for __rt_lib_init_lc_collate_1
    libinit.o(.ARM.Collect$$libinit$$00000000) refers (Special) to libinit2.o(.ARM.Collect$$libinit$$0000000F) for __rt_lib_init_lc_ctype_1
    libinit.o(.ARM.Collect$$libinit$$00000000) refers (Special) to libinit2.o(.ARM.Collect$$libinit$$00000011) for __rt_lib_init_lc_monetary_1
    libinit.o(.ARM.Collect$$libinit$$00000000) refers (Special) to libinit2.o(.ARM.Collect$$libinit$$00000013) for __rt_lib_init_lc_numeric_1
    libinit.o(.ARM.Collect$$libinit$$00000000) refers (Special) to libinit2.o(.ARM.Collect$$libinit$$00000015) for __rt_lib_init_lc_time_1
    libinit.o(.ARM.Collect$$libinit$$00000000) refers (Special) to libinit2.o(.ARM.Collect$$libinit$$0000000A) for __rt_lib_init_rand_1
    libinit.o(.ARM.Collect$$libinit$$00000000) refers (Special) to libinit2.o(.ARM.Collect$$libinit$$0000002F) for __rt_lib_init_return
    libinit.o(.ARM.Collect$$libinit$$00000000) refers (Special) to libinit2.o(.ARM.Collect$$libinit$$00000019) for __rt_lib_init_signal_1
    libinit.o(.ARM.Collect$$libinit$$00000000) refers (Special) to libinit2.o(.ARM.Collect$$libinit$$00000021) for __rt_lib_init_stdio_1
    libinit.o(.ARM.Collect$$libinit$$00000000) refers (Special) to libinit2.o(.ARM.Collect$$libinit$$00000008) for __rt_lib_init_user_alloc_1
    libinit.o(.ARM.Collect$$libinit$$00000000) refers to fpinit.o(x$fpl$fpinit) for _fp_init
    libspace.o(.text) refers to libspace.o(.bss) for __libspace_start
    rtexit.o(.ARM.Collect$$rtexit$$00000000) refers (Special) to rtexit2.o(.ARM.Collect$$rtexit$$00000004) for __rt_exit_exit
    rtexit.o(.ARM.Collect$$rtexit$$00000000) refers (Special) to rtexit2.o(.ARM.Collect$$rtexit$$00000003) for __rt_exit_ls
    rtexit.o(.ARM.Collect$$rtexit$$00000000) refers (Special) to rtexit2.o(.ARM.Collect$$rtexit$$00000002) for __rt_exit_prels_1
    rtexit.o(.ARM.exidx) refers (Special) to rtexit2.o(.ARM.Collect$$rtexit$$00000004) for __rt_exit_exit
    rtexit.o(.ARM.exidx) refers (Special) to rtexit2.o(.ARM.Collect$$rtexit$$00000003) for __rt_exit_ls
    rtexit.o(.ARM.exidx) refers (Special) to rtexit2.o(.ARM.Collect$$rtexit$$00000002) for __rt_exit_prels_1
    rtexit.o(.ARM.exidx) refers to rtexit.o(.ARM.Collect$$rtexit$$00000000) for .ARM.Collect$$rtexit$$00000000
    libinit2.o(.ARM.Collect$$libinit$$0000000C) refers to libinit2.o(.ARM.Collect$$libinit$$0000000B) for .ARM.Collect$$libinit$$0000000B
    libinit2.o(.ARM.Collect$$libinit$$0000000E) refers to libinit2.o(.ARM.Collect$$libinit$$0000000B) for .ARM.Collect$$libinit$$0000000B
    libinit2.o(.ARM.Collect$$libinit$$00000010) refers to libinit2.o(.ARM.Collect$$libinit$$0000000B) for .ARM.Collect$$libinit$$0000000B
    libinit2.o(.ARM.Collect$$libinit$$00000012) refers to libinit2.o(.ARM.Collect$$libinit$$0000000B) for .ARM.Collect$$libinit$$0000000B
    libinit2.o(.ARM.Collect$$libinit$$00000014) refers to libinit2.o(.ARM.Collect$$libinit$$0000000B) for .ARM.Collect$$libinit$$0000000B
    libinit2.o(.ARM.Collect$$libinit$$00000022) refers to argv_veneer.o(.emb_text) for __ARM_argv_veneer
    libinit2.o(.ARM.Collect$$libinit$$00000023) refers to argv_veneer.o(.emb_text) for __ARM_argv_veneer
    fpinit.o(x$fpl$fpinit) refers to rt_fp_status_addr_intlibspace.o(.text) for __rt_fp_status_addr
    rtexit2.o(.ARM.Collect$$rtexit$$00000003) refers to libshutdown.o(.ARM.Collect$$libshutdown$$00000000) for __rt_lib_shutdown
    rtexit2.o(.ARM.Collect$$rtexit$$00000004) refers to sys_exit.o(.text) for _sys_exit
    rtexit2.o(.ARM.exidx) refers to rtexit2.o(.ARM.Collect$$rtexit$$00000001) for .ARM.Collect$$rtexit$$00000001
    rtexit2.o(.ARM.exidx) refers to rtexit2.o(.ARM.Collect$$rtexit$$00000002) for .ARM.Collect$$rtexit$$00000002
    rtexit2.o(.ARM.exidx) refers to rtexit2.o(.ARM.Collect$$rtexit$$00000003) for .ARM.Collect$$rtexit$$00000003
    rtexit2.o(.ARM.exidx) refers to rtexit2.o(.ARM.Collect$$rtexit$$00000004) for .ARM.Collect$$rtexit$$00000004
    rt_fp_status_addr.o(.text) refers to rt_fp_status_addr.o(.bss) for __rt_fp_status_addr_data
    rt_fp_status_addr_intlibspace.o(.text) refers to libspace.o(.bss) for __libspace_start
    argv_veneer.o(.emb_text) refers to no_argv.o(.text) for __ARM_get_argv
    sys_exit.o(.text) refers (Special) to use_no_semi.o(.text) for __I$use$semihosting
    _get_argv_nomalloc.o(.text) refers (Special) to hrguard.o(.text) for __heap_region$guard
    _get_argv_nomalloc.o(.text) refers to defsig_rtmem_outer.o(.text) for __rt_SIGRTMEM
    _get_argv_nomalloc.o(.text) refers to sys_command.o(.text) for _sys_command_string
    libshutdown.o(.ARM.Collect$$libshutdown$$00000000) refers (Special) to libshutdown2.o(.ARM.Collect$$libshutdown$$00000006) for __rt_lib_shutdown_fp_trap_1
    libshutdown.o(.ARM.Collect$$libshutdown$$00000000) refers (Special) to libshutdown2.o(.ARM.Collect$$libshutdown$$0000000E) for __rt_lib_shutdown_heap_1
    libshutdown.o(.ARM.Collect$$libshutdown$$00000000) refers (Special) to libshutdown2.o(.ARM.Collect$$libshutdown$$0000000F) for __rt_lib_shutdown_return
    libshutdown.o(.ARM.Collect$$libshutdown$$00000000) refers (Special) to libshutdown2.o(.ARM.Collect$$libshutdown$$00000009) for __rt_lib_shutdown_signal_1
    libshutdown.o(.ARM.Collect$$libshutdown$$00000000) refers (Special) to libshutdown2.o(.ARM.Collect$$libshutdown$$00000003) for __rt_lib_shutdown_stdio_1
    libshutdown.o(.ARM.Collect$$libshutdown$$00000000) refers (Special) to libshutdown2.o(.ARM.Collect$$libshutdown$$0000000B) for __rt_lib_shutdown_user_alloc_1
    sys_command.o(.text) refers (Special) to use_no_semi.o(.text) for __I$use$semihosting
    defsig_rtmem_outer.o(.text) refers to defsig_rtmem_inner.o(.text) for __rt_SIGRTMEM_inner
    defsig_rtmem_outer.o(.text) refers to defsig_exit.o(.text) for __sig_exit
    defsig_rtmem_formal.o(.text) refers to rt_raise.o(.text) for __rt_raise
    rt_raise.o(.text) refers to __raise.o(.text) for __raise
    rt_raise.o(.text) refers to sys_exit.o(.text) for _sys_exit
    defsig_exit.o(.text) refers to sys_exit.o(.text) for _sys_exit
    defsig_rtmem_inner.o(.text) refers to defsig_general.o(.text) for __default_signal_display
    __raise.o(.text) refers to defsig.o(CL$$defsig) for __default_signal_handler
    defsig_general.o(.text) refers to sys_wrch.o(.text) for _ttywrch
    sys_wrch.o(.text) refers (Special) to use_no_semi.o(.text) for __I$use$semihosting
    defsig.o(CL$$defsig) refers to defsig_rtmem_inner.o(.text) for __rt_SIGRTMEM_inner
    defsig_abrt_inner.o(.text) refers to defsig_general.o(.text) for __default_signal_display
    defsig_fpe_inner.o(.text) refers to defsig_general.o(.text) for __default_signal_display
    defsig_rtred_inner.o(.text) refers to defsig_general.o(.text) for __default_signal_display
    defsig_stak_inner.o(.text) refers to defsig_general.o(.text) for __default_signal_display
    defsig_pvfn_inner.o(.text) refers to defsig_general.o(.text) for __default_signal_display
    defsig_cppl_inner.o(.text) refers to defsig_general.o(.text) for __default_signal_display
    defsig_segv_inner.o(.text) refers to defsig_general.o(.text) for __default_signal_display
    defsig_other.o(.text) refers to defsig_general.o(.text) for __default_signal_display


==============================================================================

Removing Unused input sections from the image.

    Removing pwm.o(.data), (8 bytes).
    Removing delay.o(.text), (26 bytes).

2 unused section(s) (total 34 bytes) removed from the image.

==============================================================================

Image Symbol Table

    Local Symbols

    Symbol Name                              Value     Ov Type        Size  Object(Section)

    ../../angel/boardlib.s                   0x00000000   Number         0  boardinit3.o ABSOLUTE
    ../../angel/boardlib.s                   0x00000000   Number         0  boardinit1.o ABSOLUTE
    ../../angel/boardlib.s                   0x00000000   Number         0  boardinit2.o ABSOLUTE
    ../../angel/boardlib.s                   0x00000000   Number         0  boardshut.o ABSOLUTE
    ../../angel/handlers.s                   0x00000000   Number         0  __scatter_zi.o ABSOLUTE
    ../../angel/handlers.s                   0x00000000   Number         0  __scatter_copy.o ABSOLUTE
    ../../angel/kernel.s                     0x00000000   Number         0  rtentry.o ABSOLUTE
    ../../angel/kernel.s                     0x00000000   Number         0  rtexit2.o ABSOLUTE
    ../../angel/kernel.s                     0x00000000   Number         0  rtentry2.o ABSOLUTE
    ../../angel/kernel.s                     0x00000000   Number         0  rtentry4.o ABSOLUTE
    ../../angel/kernel.s                     0x00000000   Number         0  rtexit.o ABSOLUTE
    ../../angel/rt.s                         0x00000000   Number         0  rt_raise.o ABSOLUTE
    ../../angel/rt.s                         0x00000000   Number         0  rt_fp_status_addr.o ABSOLUTE
    ../../angel/rt.s                         0x00000000   Number         0  rt_fp_status_addr_intlibspace.o ABSOLUTE
    ../../angel/scatter.s                    0x00000000   Number         0  __scatter.o ABSOLUTE
    ../../angel/startup.s                    0x00000000   Number         0  __main.o ABSOLUTE
    ../../angel/sys.s                        0x00000000   Number         0  libspace.o ABSOLUTE
    ../../angel/sys.s                        0x00000000   Number         0  use_no_semi.o ABSOLUTE
    ../../angel/sys.s                        0x00000000   Number         0  sys_stackheap_outer.o ABSOLUTE
    ../../angel/sysapp.c                     0x00000000   Number         0  sys_wrch.o ABSOLUTE
    ../../angel/sysapp.c                     0x00000000   Number         0  sys_command.o ABSOLUTE
    ../../angel/sysapp.c                     0x00000000   Number         0  sys_exit.o ABSOLUTE
    ../../armsys.c                           0x00000000   Number         0  _get_argv_nomalloc.o ABSOLUTE
    ../../armsys.c                           0x00000000   Number         0  argv_veneer.o ABSOLUTE
    ../../armsys.c                           0x00000000   Number         0  argv_veneer.o ABSOLUTE
    ../../armsys.c                           0x00000000   Number         0  no_argv.o ABSOLUTE
    ../../d2f.s                              0x00000000   Number         0  d2f.o ABSOLUTE
    ../../ddiv.s                             0x00000000   Number         0  ddiv.o ABSOLUTE
    ../../dflt.s                             0x00000000   Number         0  dflt_clz.o ABSOLUTE
    ../../dnaninf.s                          0x00000000   Number         0  dnaninf.o ABSOLUTE
    ../../dretinf.s                          0x00000000   Number         0  dretinf.o ABSOLUTE
    ../../faddsub.s                          0x00000000   Number         0  faddsub_clz.o ABSOLUTE
    ../../ffix.s                             0x00000000   Number         0  ffix.o ABSOLUTE
    ../../fflt.s                             0x00000000   Number         0  fflt_clz.o ABSOLUTE
    ../../fmul.s                             0x00000000   Number         0  fmul.o ABSOLUTE
    ../../fnaninf.s                          0x00000000   Number         0  fnaninf.o ABSOLUTE
    ../../fpinit.s                           0x00000000   Number         0  fpinit.o ABSOLUTE
    ../../fretinf.s                          0x00000000   Number         0  fretinf.o ABSOLUTE
    ../../heapalloc.c                        0x00000000   Number         0  hrguard.o ABSOLUTE
    ../../heapaux.c                          0x00000000   Number         0  heapauxi.o ABSOLUTE
    ../../libinit.s                          0x00000000   Number         0  libinit.o ABSOLUTE
    ../../libinit.s                          0x00000000   Number         0  libshutdown.o ABSOLUTE
    ../../libinit.s                          0x00000000   Number         0  libinit2.o ABSOLUTE
    ../../libinit.s                          0x00000000   Number         0  libshutdown2.o ABSOLUTE
    ../../signal.c                           0x00000000   Number         0  defsig_fpe_inner.o ABSOLUTE
    ../../signal.c                           0x00000000   Number         0  defsig_rtred_inner.o ABSOLUTE
    ../../signal.c                           0x00000000   Number         0  defsig_stak_inner.o ABSOLUTE
    ../../signal.c                           0x00000000   Number         0  defsig_pvfn_inner.o ABSOLUTE
    ../../signal.c                           0x00000000   Number         0  defsig_cppl_inner.o ABSOLUTE
    ../../signal.c                           0x00000000   Number         0  defsig_segv_inner.o ABSOLUTE
    ../../signal.c                           0x00000000   Number         0  defsig_other.o ABSOLUTE
    ../../signal.c                           0x00000000   Number         0  defsig_exit.o ABSOLUTE
    ../../signal.c                           0x00000000   Number         0  defsig_rtmem_outer.o ABSOLUTE
    ../../signal.c                           0x00000000   Number         0  defsig_rtmem_formal.o ABSOLUTE
    ../../signal.c                           0x00000000   Number         0  defsig_rtmem_inner.o ABSOLUTE
    ../../signal.c                           0x00000000   Number         0  __raise.o ABSOLUTE
    ../../signal.c                           0x00000000   Number         0  defsig_general.o ABSOLUTE
    ../../signal.c                           0x00000000   Number         0  defsig_abrt_inner.o ABSOLUTE
    ../../signal.s                           0x00000000   Number         0  defsig.o ABSOLUTE
    ../../stdlib.c                           0x00000000   Number         0  exit.o ABSOLUTE
    ../../usenofp.s                          0x00000000   Number         0  usenofp.o ABSOLUTE
    GPIO.c                                   0x00000000   Number         0  gpio.o ABSOLUTE
    Main.c                                   0x00000000   Number         0  main.o ABSOLUTE
    RIT.c                                    0x00000000   Number         0  rit.o ABSOLUTE
    Timer.c                                  0x00000000   Number         0  timer.o ABSOLUTE
    dc.s                                     0x00000000   Number         0  dc.o ABSOLUTE
    delay.c                                  0x00000000   Number         0  delay.o ABSOLUTE
    exti.c                                   0x00000000   Number         0  exti.o ABSOLUTE
    pwm.c                                    0x00000000   Number         0  pwm.o ABSOLUTE
    startup_LPC17xx.s                        0x00000000   Number         0  startup_lpc17xx.o ABSOLUTE
    system_LPC17xx.c                         0x00000000   Number         0  system_lpc17xx.o ABSOLUTE
    uart.c                                   0x00000000   Number         0  uart.o ABSOLUTE
    RESET                                    0x00002000   Section      204  startup_lpc17xx.o(RESET)
    !!!main                                  0x000020cc   Section        8  __main.o(!!!main)
    !!!scatter                               0x000020d4   Section       52  __scatter.o(!!!scatter)
    !!handler_copy                           0x00002108   Section       26  __scatter_copy.o(!!handler_copy)
    !!handler_zi                             0x00002124   Section       28  __scatter_zi.o(!!handler_zi)
    .ARM.Collect$$libinit$$00000000          0x00002140   Section        6  libinit.o(.ARM.Collect$$libinit$$00000000)
    .ARM.Collect$$libinit$$00000006          0x00002146   Section        0  libinit2.o(.ARM.Collect$$libinit$$00000006)
    .ARM.Collect$$libinit$$00000008          0x00002146   Section        0  libinit2.o(.ARM.Collect$$libinit$$00000008)
    .ARM.Collect$$libinit$$0000000A          0x00002146   Section        0  libinit2.o(.ARM.Collect$$libinit$$0000000A)
    .ARM.Collect$$libinit$$0000000D          0x00002146   Section        0  libinit2.o(.ARM.Collect$$libinit$$0000000D)
    .ARM.Collect$$libinit$$0000000F          0x00002146   Section        0  libinit2.o(.ARM.Collect$$libinit$$0000000F)
    .ARM.Collect$$libinit$$00000011          0x00002146   Section        0  libinit2.o(.ARM.Collect$$libinit$$00000011)
    .ARM.Collect$$libinit$$00000013          0x00002146   Section        0  libinit2.o(.ARM.Collect$$libinit$$00000013)
    .ARM.Collect$$libinit$$00000015          0x00002146   Section        0  libinit2.o(.ARM.Collect$$libinit$$00000015)
    .ARM.Collect$$libinit$$00000017          0x00002146   Section        0  libinit2.o(.ARM.Collect$$libinit$$00000017)
    .ARM.Collect$$libinit$$00000019          0x00002146   Section        0  libinit2.o(.ARM.Collect$$libinit$$00000019)
    .ARM.Collect$$libinit$$0000001B          0x00002146   Section        0  libinit2.o(.ARM.Collect$$libinit$$0000001B)
    .ARM.Collect$$libinit$$0000001D          0x00002146   Section        0  libinit2.o(.ARM.Collect$$libinit$$0000001D)
    .ARM.Collect$$libinit$$0000001F          0x00002146   Section        0  libinit2.o(.ARM.Collect$$libinit$$0000001F)
    .ARM.Collect$$libinit$$00000021          0x00002146   Section        0  libinit2.o(.ARM.Collect$$libinit$$00000021)
    .ARM.Collect$$libinit$$00000028          0x00002146   Section        0  libinit2.o(.ARM.Collect$$libinit$$00000028)
    .ARM.Collect$$libinit$$0000002A          0x00002146   Section        0  libinit2.o(.ARM.Collect$$libinit$$0000002A)
    .ARM.Collect$$libinit$$0000002C          0x00002146   Section        0  libinit2.o(.ARM.Collect$$libinit$$0000002C)
    .ARM.Collect$$libinit$$0000002E          0x00002146   Section        0  libinit2.o(.ARM.Collect$$libinit$$0000002E)
    .ARM.Collect$$libinit$$0000002F          0x00002146   Section        2  libinit2.o(.ARM.Collect$$libinit$$0000002F)
    .ARM.Collect$$libshutdown$$00000000      0x00002148   Section        2  libshutdown.o(.ARM.Collect$$libshutdown$$00000000)
    .ARM.Collect$$libshutdown$$00000003      0x0000214a   Section        0  libshutdown2.o(.ARM.Collect$$libshutdown$$00000003)
    .ARM.Collect$$libshutdown$$00000006      0x0000214a   Section        0  libshutdown2.o(.ARM.Collect$$libshutdown$$00000006)
    .ARM.Collect$$libshutdown$$00000009      0x0000214a   Section        0  libshutdown2.o(.ARM.Collect$$libshutdown$$00000009)
    .ARM.Collect$$libshutdown$$0000000B      0x0000214a   Section        0  libshutdown2.o(.ARM.Collect$$libshutdown$$0000000B)
    .ARM.Collect$$libshutdown$$0000000E      0x0000214a   Section        0  libshutdown2.o(.ARM.Collect$$libshutdown$$0000000E)
    .ARM.Collect$$libshutdown$$0000000F      0x0000214a   Section        2  libshutdown2.o(.ARM.Collect$$libshutdown$$0000000F)
    .ARM.Collect$$rtentry$$00000000          0x0000214c   Section        0  rtentry.o(.ARM.Collect$$rtentry$$00000000)
    .ARM.Collect$$rtentry$$00000002          0x0000214c   Section        0  rtentry2.o(.ARM.Collect$$rtentry$$00000002)
    .ARM.Collect$$rtentry$$00000004          0x0000214c   Section        6  rtentry4.o(.ARM.Collect$$rtentry$$00000004)
    .ARM.Collect$$rtentry$$00000009          0x00002152   Section        0  rtentry2.o(.ARM.Collect$$rtentry$$00000009)
    .ARM.Collect$$rtentry$$0000000A          0x00002152   Section        4  rtentry2.o(.ARM.Collect$$rtentry$$0000000A)
    .ARM.Collect$$rtentry$$0000000C          0x00002156   Section        0  rtentry2.o(.ARM.Collect$$rtentry$$0000000C)
    .ARM.Collect$$rtentry$$0000000D          0x00002156   Section        8  rtentry2.o(.ARM.Collect$$rtentry$$0000000D)
    .ARM.Collect$$rtexit$$00000000           0x0000215e   Section        2  rtexit.o(.ARM.Collect$$rtexit$$00000000)
    .ARM.Collect$$rtexit$$00000002           0x00002160   Section        0  rtexit2.o(.ARM.Collect$$rtexit$$00000002)
    .ARM.Collect$$rtexit$$00000003           0x00002160   Section        4  rtexit2.o(.ARM.Collect$$rtexit$$00000003)
    .ARM.Collect$$rtexit$$00000004           0x00002164   Section        6  rtexit2.o(.ARM.Collect$$rtexit$$00000004)
    .text                                    0x0000216c   Section       52  startup_lpc17xx.o(.text)
    .text                                    0x000021a0   Section        0  main.o(.text)
    .text                                    0x000032f0   Section        0  pwm.o(.text)
    .text                                    0x0000339c   Section        0  uart.o(.text)
    .text                                    0x000035f4   Section        0  rit.o(.text)
    .text                                    0x00003654   Section        0  timer.o(.text)
    .text                                    0x00003700   Section        0  system_lpc17xx.o(.text)
    .text                                    0x00003998   Section        0  exti.o(.text)
    NVIC_EnableIRQ                           0x000039fd   Thumb Code    24  exti.o(.text)
    .text                                    0x00003a20   Section        0  gpio.o(.text)
    .text                                    0x00003ad4   Section        0  heapauxi.o(.text)
    .text                                    0x00003ada   Section       74  sys_stackheap_outer.o(.text)
    .text                                    0x00003b24   Section        0  exit.o(.text)
    .text                                    0x00003b30   Section        8  libspace.o(.text)
    .text                                    0x00003b38   Section       12  rt_fp_status_addr_intlibspace.o(.text)
    .text                                    0x00003b44   Section        0  sys_exit.o(.text)
    .text                                    0x00003b50   Section        2  use_no_semi.o(.text)
    x$fpl$d2f                                0x00003b54   Section       98  d2f.o(x$fpl$d2f)
    x$fpl$ddiv                               0x00003bb8   Section      688  ddiv.o(x$fpl$ddiv)
    ddiv_entry                               0x00003bbf   Thumb Code     0  ddiv.o(x$fpl$ddiv)
    x$fpl$dfltu                              0x00003e68   Section       38  dflt_clz.o(x$fpl$dfltu)
    x$fpl$dnaninf                            0x00003e8e   Section      156  dnaninf.o(x$fpl$dnaninf)
    x$fpl$dretinf                            0x00003f2a   Section       12  dretinf.o(x$fpl$dretinf)
    x$fpl$fadd                               0x00003f38   Section      196  faddsub_clz.o(x$fpl$fadd)
    _fadd1                                   0x00003f47   Thumb Code     0  faddsub_clz.o(x$fpl$fadd)
    x$fpl$ffix                               0x00003ffc   Section       54  ffix.o(x$fpl$ffix)
    x$fpl$fflt                               0x00004034   Section       48  fflt_clz.o(x$fpl$fflt)
    x$fpl$fmul                               0x00004064   Section      258  fmul.o(x$fpl$fmul)
    x$fpl$fnaninf                            0x00004166   Section      140  fnaninf.o(x$fpl$fnaninf)
    x$fpl$fpinit                             0x000041f2   Section       14  fpinit.o(x$fpl$fpinit)
    x$fpl$fretinf                            0x00004200   Section       10  fretinf.o(x$fpl$fretinf)
    x$fpl$fsub                               0x0000420c   Section      234  faddsub_clz.o(x$fpl$fsub)
    _fsub1                                   0x0000421b   Thumb Code     0  faddsub_clz.o(x$fpl$fsub)
    x$fpl$usenofp                            0x000042f6   Section        0  usenofp.o(x$fpl$usenofp)
    .data                                    0x10000000   Section      200  main.o(.data)
    .data                                    0x100000c8   Section        4  system_lpc17xx.o(.data)
    .bss                                     0x100000cc   Section       10  main.o(.bss)
    .bss                                     0x100000d8   Section       96  libspace.o(.bss)
    HEAP                                     0x10000138   Section        0  startup_lpc17xx.o(HEAP)
    STACK                                    0x10000138   Section      512  startup_lpc17xx.o(STACK)
    Heap_Mem                                 0x10000138   Data           0  startup_lpc17xx.o(HEAP)
    Stack_Mem                                0x10000138   Data         512  startup_lpc17xx.o(STACK)
    __initial_sp                             0x10000338   Data           0  startup_lpc17xx.o(STACK)

    Global Symbols

    Symbol Name                              Value     Ov Type        Size  Object(Section)

    BuildAttributes$$THM_ISAv4$P$D$K$B$S$PE$A:L22UL41UL21$X:L11$S22US41US21$IEEE1$IW$USESV6$~STKCKD$USESV7$~SHL$OSPACE$ROPI$EBA8$UX$STANDARDLIB$REQ8$PRES8$EABIv2 0x00000000   Number         0  anon$$obj.o ABSOLUTE
    __ARM_use_no_argv                        0x00000000   Number         0  main.o ABSOLUTE
    __ARM_exceptions_init                     - Undefined Weak Reference
    __alloca_initialize                       - Undefined Weak Reference
    __cpp_initialize__aeabi_                  - Undefined Weak Reference
    __cxa_finalize                            - Undefined Weak Reference
    __rt_locale                               - Undefined Weak Reference
    __sigvec_lookup                           - Undefined Weak Reference
    _atexit_init                              - Undefined Weak Reference
    _call_atexit_fns                          - Undefined Weak Reference
    _clock_init                               - Undefined Weak Reference
    _fp_trap_init                             - Undefined Weak Reference
    _fp_trap_shutdown                         - Undefined Weak Reference
    _get_lc_collate                           - Undefined Weak Reference
    _get_lc_ctype                             - Undefined Weak Reference
    _get_lc_monetary                          - Undefined Weak Reference
    _get_lc_numeric                           - Undefined Weak Reference
    _get_lc_time                              - Undefined Weak Reference
    _getenv_init                              - Undefined Weak Reference
    _handle_redirection                       - Undefined Weak Reference
    _init_alloc                               - Undefined Weak Reference
    _init_user_alloc                          - Undefined Weak Reference
    _initio                                   - Undefined Weak Reference
    _rand_init                                - Undefined Weak Reference
    _signal_finish                            - Undefined Weak Reference
    _signal_init                              - Undefined Weak Reference
    _terminate_alloc                          - Undefined Weak Reference
    _terminate_user_alloc                     - Undefined Weak Reference
    _terminateio                              - Undefined Weak Reference
    __Vectors                                0x00002000   Data           4  startup_lpc17xx.o(RESET)
    __main                                   0x000020cd   Thumb Code     8  __main.o(!!!main)
    __scatterload                            0x000020d5   Thumb Code     0  __scatter.o(!!!scatter)
    __scatterload_rt2                        0x000020d5   Thumb Code    44  __scatter.o(!!!scatter)
    __scatterload_rt2_thumb_only             0x000020d5   Thumb Code     0  __scatter.o(!!!scatter)
    __scatterload_null                       0x000020e3   Thumb Code     0  __scatter.o(!!!scatter)
    __scatterload_copy                       0x00002109   Thumb Code    26  __scatter_copy.o(!!handler_copy)
    __scatterload_zeroinit                   0x00002125   Thumb Code    28  __scatter_zi.o(!!handler_zi)
    __rt_lib_init                            0x00002141   Thumb Code     0  libinit.o(.ARM.Collect$$libinit$$00000000)
    __rt_lib_init_alloca_1                   0x00002147   Thumb Code     0  libinit2.o(.ARM.Collect$$libinit$$0000002A)
    __rt_lib_init_argv_1                     0x00002147   Thumb Code     0  libinit2.o(.ARM.Collect$$libinit$$00000028)
    __rt_lib_init_atexit_1                   0x00002147   Thumb Code     0  libinit2.o(.ARM.Collect$$libinit$$00000017)
    __rt_lib_init_clock_1                    0x00002147   Thumb Code     0  libinit2.o(.ARM.Collect$$libinit$$0000001D)
    __rt_lib_init_cpp_1                      0x00002147   Thumb Code     0  libinit2.o(.ARM.Collect$$libinit$$0000002E)
    __rt_lib_init_exceptions_1               0x00002147   Thumb Code     0  libinit2.o(.ARM.Collect$$libinit$$0000002C)
    __rt_lib_init_fp_trap_1                  0x00002147   Thumb Code     0  libinit2.o(.ARM.Collect$$libinit$$0000001B)
    __rt_lib_init_getenv_1                   0x00002147   Thumb Code     0  libinit2.o(.ARM.Collect$$libinit$$0000001F)
    __rt_lib_init_heap_1                     0x00002147   Thumb Code     0  libinit2.o(.ARM.Collect$$libinit$$00000006)
    __rt_lib_init_lc_collate_1               0x00002147   Thumb Code     0  libinit2.o(.ARM.Collect$$libinit$$0000000D)
    __rt_lib_init_lc_ctype_1                 0x00002147   Thumb Code     0  libinit2.o(.ARM.Collect$$libinit$$0000000F)
    __rt_lib_init_lc_monetary_1              0x00002147   Thumb Code     0  libinit2.o(.ARM.Collect$$libinit$$00000011)
    __rt_lib_init_lc_numeric_1               0x00002147   Thumb Code     0  libinit2.o(.ARM.Collect$$libinit$$00000013)
    __rt_lib_init_lc_time_1                  0x00002147   Thumb Code     0  libinit2.o(.ARM.Collect$$libinit$$00000015)
    __rt_lib_init_rand_1                     0x00002147   Thumb Code     0  libinit2.o(.ARM.Collect$$libinit$$0000000A)
    __rt_lib_init_return                     0x00002147   Thumb Code     0  libinit2.o(.ARM.Collect$$libinit$$0000002F)
    __rt_lib_init_signal_1                   0x00002147   Thumb Code     0  libinit2.o(.ARM.Collect$$libinit$$00000019)
    __rt_lib_init_stdio_1                    0x00002147   Thumb Code     0  libinit2.o(.ARM.Collect$$libinit$$00000021)
    __rt_lib_init_user_alloc_1               0x00002147   Thumb Code     0  libinit2.o(.ARM.Collect$$libinit$$00000008)
    __rt_lib_shutdown                        0x00002149   Thumb Code     0  libshutdown.o(.ARM.Collect$$libshutdown$$00000000)
    __rt_lib_shutdown_fp_trap_1              0x0000214b   Thumb Code     0  libshutdown2.o(.ARM.Collect$$libshutdown$$00000006)
    __rt_lib_shutdown_heap_1                 0x0000214b   Thumb Code     0  libshutdown2.o(.ARM.Collect$$libshutdown$$0000000E)
    __rt_lib_shutdown_return                 0x0000214b   Thumb Code     0  libshutdown2.o(.ARM.Collect$$libshutdown$$0000000F)
    __rt_lib_shutdown_signal_1               0x0000214b   Thumb Code     0  libshutdown2.o(.ARM.Collect$$libshutdown$$00000009)
    __rt_lib_shutdown_stdio_1                0x0000214b   Thumb Code     0  libshutdown2.o(.ARM.Collect$$libshutdown$$00000003)
    __rt_lib_shutdown_user_alloc_1           0x0000214b   Thumb Code     0  libshutdown2.o(.ARM.Collect$$libshutdown$$0000000B)
    __rt_entry                               0x0000214d   Thumb Code     0  rtentry.o(.ARM.Collect$$rtentry$$00000000)
    __rt_entry_presh_1                       0x0000214d   Thumb Code     0  rtentry2.o(.ARM.Collect$$rtentry$$00000002)
    __rt_entry_sh                            0x0000214d   Thumb Code     0  rtentry4.o(.ARM.Collect$$rtentry$$00000004)
    __rt_entry_li                            0x00002153   Thumb Code     0  rtentry2.o(.ARM.Collect$$rtentry$$0000000A)
    __rt_entry_postsh_1                      0x00002153   Thumb Code     0  rtentry2.o(.ARM.Collect$$rtentry$$00000009)
    __rt_entry_main                          0x00002157   Thumb Code     0  rtentry2.o(.ARM.Collect$$rtentry$$0000000D)
    __rt_entry_postli_1                      0x00002157   Thumb Code     0  rtentry2.o(.ARM.Collect$$rtentry$$0000000C)
    __rt_exit                                0x0000215f   Thumb Code     0  rtexit.o(.ARM.Collect$$rtexit$$00000000)
    __rt_exit_ls                             0x00002161   Thumb Code     0  rtexit2.o(.ARM.Collect$$rtexit$$00000003)
    __rt_exit_prels_1                        0x00002161   Thumb Code     0  rtexit2.o(.ARM.Collect$$rtexit$$00000002)
    __rt_exit_exit                           0x00002165   Thumb Code     0  rtexit2.o(.ARM.Collect$$rtexit$$00000004)
    Reset_Handler                            0x0000216d   Thumb Code     4  startup_lpc17xx.o(.text)
    NMI_Handler                              0x00002171   Thumb Code     2  startup_lpc17xx.o(.text)
    HardFault_Handler                        0x00002173   Thumb Code     2  startup_lpc17xx.o(.text)
    MemManage_Handler                        0x00002175   Thumb Code     2  startup_lpc17xx.o(.text)
    BusFault_Handler                         0x00002177   Thumb Code     2  startup_lpc17xx.o(.text)
    UsageFault_Handler                       0x00002179   Thumb Code     2  startup_lpc17xx.o(.text)
    SVC_Handler                              0x0000217b   Thumb Code     2  startup_lpc17xx.o(.text)
    DebugMon_Handler                         0x0000217d   Thumb Code     2  startup_lpc17xx.o(.text)
    PendSV_Handler                           0x0000217f   Thumb Code     2  startup_lpc17xx.o(.text)
    SysTick_Handler                          0x00002181   Thumb Code     2  startup_lpc17xx.o(.text)
    ADC_IRQHandler                           0x00002183   Thumb Code     0  startup_lpc17xx.o(.text)
    BOD_IRQHandler                           0x00002183   Thumb Code     0  startup_lpc17xx.o(.text)
    CANActivity_IRQHandler                   0x00002183   Thumb Code     0  startup_lpc17xx.o(.text)
    CAN_IRQHandler                           0x00002183   Thumb Code     0  startup_lpc17xx.o(.text)
    DMA_IRQHandler                           0x00002183   Thumb Code     0  startup_lpc17xx.o(.text)
    ENET_IRQHandler                          0x00002183   Thumb Code     0  startup_lpc17xx.o(.text)
    I2C0_IRQHandler                          0x00002183   Thumb Code     0  startup_lpc17xx.o(.text)
    I2C1_IRQHandler                          0x00002183   Thumb Code     0  startup_lpc17xx.o(.text)
    I2C2_IRQHandler                          0x00002183   Thumb Code     0  startup_lpc17xx.o(.text)
    I2S_IRQHandler                           0x00002183   Thumb Code     0  startup_lpc17xx.o(.text)
    MCPWM_IRQHandler                         0x00002183   Thumb Code     0  startup_lpc17xx.o(.text)
    PLL0_IRQHandler                          0x00002183   Thumb Code     0  startup_lpc17xx.o(.text)
    PLL1_IRQHandler                          0x00002183   Thumb Code     0  startup_lpc17xx.o(.text)
    PWM1_IRQHandler                          0x00002183   Thumb Code     0  startup_lpc17xx.o(.text)
    QEI_IRQHandler                           0x00002183   Thumb Code     0  startup_lpc17xx.o(.text)
    RTC_IRQHandler                           0x00002183   Thumb Code     0  startup_lpc17xx.o(.text)
    SPI_IRQHandler                           0x00002183   Thumb Code     0  startup_lpc17xx.o(.text)
    SSP0_IRQHandler                          0x00002183   Thumb Code     0  startup_lpc17xx.o(.text)
    SSP1_IRQHandler                          0x00002183   Thumb Code     0  startup_lpc17xx.o(.text)
    TIMER0_IRQHandler                        0x00002183   Thumb Code     0  startup_lpc17xx.o(.text)
    TIMER1_IRQHandler                        0x00002183   Thumb Code     0  startup_lpc17xx.o(.text)
    TIMER2_IRQHandler                        0x00002183   Thumb Code     0  startup_lpc17xx.o(.text)
    TIMER3_IRQHandler                        0x00002183   Thumb Code     0  startup_lpc17xx.o(.text)
    UART1_IRQHandler                         0x00002183   Thumb Code     0  startup_lpc17xx.o(.text)
    UART2_IRQHandler                         0x00002183   Thumb Code     0  startup_lpc17xx.o(.text)
    UART3_IRQHandler                         0x00002183   Thumb Code     0  startup_lpc17xx.o(.text)
    USBActivity_IRQHandler                   0x00002183   Thumb Code     0  startup_lpc17xx.o(.text)
    USB_IRQHandler                           0x00002183   Thumb Code     0  startup_lpc17xx.o(.text)
    WDT_IRQHandler                           0x00002183   Thumb Code     0  startup_lpc17xx.o(.text)
    __user_initial_stackheap                 0x00002185   Thumb Code     0  startup_lpc17xx.o(.text)
    PWM_Initialize                           0x000021a1   Thumb Code   108  main.o(.text)
    LEDblue                                  0x0000220d   Thumb Code    16  main.o(.text)
    RIT_IRQHandler                           0x0000221d   Thumb Code  1176  main.o(.text)
    switchDelay                              0x000026b5   Thumb Code    14  main.o(.text)
    main                                     0x000026c3   Thumb Code  2678  main.o(.text)
    LEDwhite                                 0x00003139   Thumb Code    16  main.o(.text)
    EINT0_IRQHandler                         0x00003149   Thumb Code    30  main.o(.text)
    EINT1_IRQHandler                         0x00003167   Thumb Code    30  main.o(.text)
    EINT2_IRQHandler                         0x00003185   Thumb Code    32  main.o(.text)
    EINT3_IRQHandler                         0x000031a5   Thumb Code    30  main.o(.text)
    sendpacket                               0x000031c3   Thumb Code   130  main.o(.text)
    UART0_IRQHandler                         0x00003245   Thumb Code   172  main.o(.text)
    PWM_Start                                0x000032f1   Thumb Code    14  pwm.o(.text)
    PWM_Init                                 0x000032ff   Thumb Code   102  pwm.o(.text)
    PWM_Set                                  0x00003365   Thumb Code    40  pwm.o(.text)
    UART3_Init                               0x0000339d   Thumb Code   108  uart.o(.text)
    UART3_SendByte                           0x00003409   Thumb Code    22  uart.o(.text)
    UART3_GetChar                            0x0000341f   Thumb Code    18  uart.o(.text)
    UART0_Init                               0x00003431   Thumb Code   140  uart.o(.text)
    UART0_SendByte                           0x000034bd   Thumb Code    22  uart.o(.text)
    UART0_GetChar                            0x000034d3   Thumb Code    18  uart.o(.text)
    UART3_SendChar                           0x000034e5   Thumb Code   124  uart.o(.text)
    UART0_SendChar                           0x00003561   Thumb Code   124  uart.o(.text)
    RIT_Init                                 0x000035f5   Thumb Code    80  rit.o(.text)
    Timer_Init                               0x00003655   Thumb Code    98  timer.o(.text)
    Timer0Reset                              0x000036b7   Thumb Code    14  timer.o(.text)
    Timer1Reset                              0x000036c5   Thumb Code    12  timer.o(.text)
    Timer2Reset                              0x000036d1   Thumb Code    12  timer.o(.text)
    Timer3Reset                              0x000036dd   Thumb Code    12  timer.o(.text)
    SystemCoreClockUpdate                    0x00003701   Thumb Code   320  system_lpc17xx.o(.text)
    SystemInit                               0x00003841   Thumb Code   262  system_lpc17xx.o(.text)
    EXTI_Init                                0x00003999   Thumb Code   100  exti.o(.text)
    GPIO_Init                                0x00003a21   Thumb Code   166  gpio.o(.text)
    __use_two_region_memory                  0x00003ad5   Thumb Code     2  heapauxi.o(.text)
    __rt_heap_escrow$2region                 0x00003ad7   Thumb Code     2  heapauxi.o(.text)
    __rt_heap_expand$2region                 0x00003ad9   Thumb Code     2  heapauxi.o(.text)
    __user_setup_stackheap                   0x00003adb   Thumb Code    74  sys_stackheap_outer.o(.text)
    exit                                     0x00003b25   Thumb Code    12  exit.o(.text)
    __user_libspace                          0x00003b31   Thumb Code     8  libspace.o(.text)
    __user_perproc_libspace                  0x00003b31   Thumb Code     0  libspace.o(.text)
    __user_perthread_libspace                0x00003b31   Thumb Code     0  libspace.o(.text)
    __rt_fp_status_addr                      0x00003b39   Thumb Code    12  rt_fp_status_addr_intlibspace.o(.text)
    _sys_exit                                0x00003b45   Thumb Code     8  sys_exit.o(.text)
    __I$use$semihosting                      0x00003b51   Thumb Code     0  use_no_semi.o(.text)
    __use_no_semihosting_swi                 0x00003b51   Thumb Code     2  use_no_semi.o(.text)
    __aeabi_d2f                              0x00003b55   Thumb Code     0  d2f.o(x$fpl$d2f)
    _d2f                                     0x00003b55   Thumb Code    98  d2f.o(x$fpl$d2f)
    __aeabi_ddiv                             0x00003bb9   Thumb Code     0  ddiv.o(x$fpl$ddiv)
    _ddiv                                    0x00003bb9   Thumb Code   552  ddiv.o(x$fpl$ddiv)
    __aeabi_ui2d                             0x00003e69   Thumb Code     0  dflt_clz.o(x$fpl$dfltu)
    _dfltu                                   0x00003e69   Thumb Code    38  dflt_clz.o(x$fpl$dfltu)
    __fpl_dnaninf                            0x00003e8f   Thumb Code   156  dnaninf.o(x$fpl$dnaninf)
    __fpl_dretinf                            0x00003f2b   Thumb Code    12  dretinf.o(x$fpl$dretinf)
    __aeabi_fadd                             0x00003f39   Thumb Code     0  faddsub_clz.o(x$fpl$fadd)
    _fadd                                    0x00003f39   Thumb Code   196  faddsub_clz.o(x$fpl$fadd)
    __aeabi_f2iz                             0x00003ffd   Thumb Code     0  ffix.o(x$fpl$ffix)
    _ffix                                    0x00003ffd   Thumb Code    54  ffix.o(x$fpl$ffix)
    __aeabi_i2f                              0x00004035   Thumb Code     0  fflt_clz.o(x$fpl$fflt)
    _fflt                                    0x00004035   Thumb Code    48  fflt_clz.o(x$fpl$fflt)
    __aeabi_fmul                             0x00004065   Thumb Code     0  fmul.o(x$fpl$fmul)
    _fmul                                    0x00004065   Thumb Code   258  fmul.o(x$fpl$fmul)
    __fpl_fnaninf                            0x00004167   Thumb Code   140  fnaninf.o(x$fpl$fnaninf)
    _fp_init                                 0x000041f3   Thumb Code    14  fpinit.o(x$fpl$fpinit)
    __fplib_config_pureend_doubles           0x000041ff   Thumb Code     0  fpinit.o(x$fpl$fpinit)
    __fpl_fretinf                            0x00004201   Thumb Code    10  fretinf.o(x$fpl$fretinf)
    __aeabi_fsub                             0x0000420d   Thumb Code     0  faddsub_clz.o(x$fpl$fsub)
    _fsub                                    0x0000420d   Thumb Code   234  faddsub_clz.o(x$fpl$fsub)
    __I$use$fp                               0x000042f7   Thumb Code     0  usenofp.o(x$fpl$usenofp)
    Region$$Table$$Base                      0x000042f8   Number         0  anon$$obj.o(Region$$Table)
    Region$$Table$$Limit                     0x00004318   Number         0  anon$$obj.o(Region$$Table)
    comDataCounter                           0x10000000   Data           1  main.o(.data)
    validDataFlag                            0x10000001   Data           1  main.o(.data)
    robotNumber                              0x10000002   Data           1  main.o(.data)
    i                                        0x10000004   Data           4  main.o(.data)
    kp                                       0x10000008   Data           4  main.o(.data)
    ki                                       0x1000000c   Data           4  main.o(.data)
    kd                                       0x10000010   Data           4  main.o(.data)
    noDataTime                               0x10000014   Data           4  main.o(.data)
    M1Dir                                    0x10000018   Data           1  main.o(.data)
    M1RealDir                                0x10000019   Data           1  main.o(.data)
    M2Dir                                    0x1000001a   Data           1  main.o(.data)
    M2RealDir                                0x1000001b   Data           1  main.o(.data)
    M3Dir                                    0x1000001c   Data           1  main.o(.data)
    M3RealDir                                0x1000001d   Data           1  main.o(.data)
    M4Dir                                    0x1000001e   Data           1  main.o(.data)
    M4RealDir                                0x1000001f   Data           1  main.o(.data)
    counter1                                 0x10000020   Data           4  main.o(.data)
    counter2                                 0x10000024   Data           4  main.o(.data)
    M1Time                                   0x10000028   Data           4  main.o(.data)
    M1DesireSpeed                            0x1000002c   Data           4  main.o(.data)
    M1RealSpeed                              0x10000030   Data           4  main.o(.data)
    M1PrError                                0x10000034   Data           4  main.o(.data)
    M1InError                                0x10000038   Data           4  main.o(.data)
    M1DiError                                0x1000003c   Data           4  main.o(.data)
    M1LastError                              0x10000040   Data           4  main.o(.data)
    M1PID                                    0x10000044   Data           4  main.o(.data)
    M1FinalSpeed                             0x10000048   Data           4  main.o(.data)
    M2Time                                   0x1000004c   Data           4  main.o(.data)
    M2DesireSpeed                            0x10000050   Data           4  main.o(.data)
    M2RealSpeed                              0x10000054   Data           4  main.o(.data)
    M2PrError                                0x10000058   Data           4  main.o(.data)
    M2InError                                0x1000005c   Data           4  main.o(.data)
    M2DiError                                0x10000060   Data           4  main.o(.data)
    M2LastError                              0x10000064   Data           4  main.o(.data)
    M2PID                                    0x10000068   Data           4  main.o(.data)
    M2FinalSpeed                             0x1000006c   Data           4  main.o(.data)
    M3Time                                   0x10000070   Data           4  main.o(.data)
    M3DesireSpeed                            0x10000074   Data           4  main.o(.data)
    M3RealSpeed                              0x10000078   Data           4  main.o(.data)
    M3PrError                                0x1000007c   Data           4  main.o(.data)
    M3InError                                0x10000080   Data           4  main.o(.data)
    M3DiError                                0x10000084   Data           4  main.o(.data)
    M3LastError                              0x10000088   Data           4  main.o(.data)
    M3PID                                    0x1000008c   Data           4  main.o(.data)
    M3FinalSpeed                             0x10000090   Data           4  main.o(.data)
    M4Time                                   0x10000094   Data           4  main.o(.data)
    M4DesireSpeed                            0x10000098   Data           4  main.o(.data)
    M4RealSpeed                              0x1000009c   Data           4  main.o(.data)
    M4PrError                                0x100000a0   Data           4  main.o(.data)
    M4InError                                0x100000a4   Data           4  main.o(.data)
    M4DiError                                0x100000a8   Data           4  main.o(.data)
    M4LastError                              0x100000ac   Data           4  main.o(.data)
    M4PID                                    0x100000b0   Data           4  main.o(.data)
    M4FinalSpeed                             0x100000b4   Data           4  main.o(.data)
    M1HallState                              0x100000b8   Data           1  main.o(.data)
    M1TimeReverse                            0x100000b9   Data           1  main.o(.data)
    M1LastHallState                          0x100000ba   Data           1  main.o(.data)
    M2HallState                              0x100000bb   Data           1  main.o(.data)
    M2TimeReverse                            0x100000bc   Data           1  main.o(.data)
    M2LastHallstate                          0x100000bd   Data           1  main.o(.data)
    M3HallState                              0x100000be   Data           1  main.o(.data)
    M3TimeReverse                            0x100000bf   Data           1  main.o(.data)
    M3LastHallState                          0x100000c0   Data           1  main.o(.data)
    M4HallState                              0x100000c1   Data           1  main.o(.data)
    M4TimeReverse                            0x100000c2   Data           1  main.o(.data)
    M4LastHallState                          0x100000c3   Data           1  main.o(.data)
    Q                                        0x100000c4   Data           4  main.o(.data)
    SystemCoreClock                          0x100000c8   Data           4  system_lpc17xx.o(.data)
    RecievePacket                            0x100000cc   Data          10  main.o(.bss)
    __libspace_start                         0x100000d8   Data          96  libspace.o(.bss)
    __temporary_stack_top$libspace           0x10000138   Data           0  libspace.o(.bss)



==============================================================================

Memory Map of the image

  Image Entry point : 0x000020cd

  Load Region LR_IROM1 (Base: 0x00002000, Size: 0x000023e4, Max: 0x00080000, ABSOLUTE)

    Execution Region ER_IROM1 (Base: 0x00002000, Size: 0x00002318, Max: 0x00080000, ABSOLUTE)

    Base Addr    Size         Type   Attr      Idx    E Section Name        Object

    0x00002000   0x000000cc   Data   RO            3    RESET               startup_lpc17xx.o
    0x000020cc   0x00000008   Code   RO          207  * !!!main             c_w.l(__main.o)(c_w.l)
    0x000020d4   0x00000034   Code   RO          408    !!!scatter          c_w.l(__scatter.o)(c_w.l)
    0x00002108   0x0000001a   Code   RO          410    !!handler_copy      c_w.l(__scatter_copy.o)(c_w.l)
    0x00002122   0x00000002   PAD
    0x00002124   0x0000001c   Code   RO          412    !!handler_zi        c_w.l(__scatter_zi.o)(c_w.l)
    0x00002140   0x00000006   Code   RO          278    .ARM.Collect$$libinit$$00000000  c_w.l(libinit.o)(c_w.l)
    0x00002146   0x00000000   Code   RO          286    .ARM.Collect$$libinit$$00000006  c_w.l(libinit2.o)(c_w.l)
    0x00002146   0x00000000   Code   RO          288    .ARM.Collect$$libinit$$00000008  c_w.l(libinit2.o)(c_w.l)
    0x00002146   0x00000000   Code   RO          290    .ARM.Collect$$libinit$$0000000A  c_w.l(libinit2.o)(c_w.l)
    0x00002146   0x00000000   Code   RO          293    .ARM.Collect$$libinit$$0000000D  c_w.l(libinit2.o)(c_w.l)
    0x00002146   0x00000000   Code   RO          295    .ARM.Collect$$libinit$$0000000F  c_w.l(libinit2.o)(c_w.l)
    0x00002146   0x00000000   Code   RO          297    .ARM.Collect$$libinit$$00000011  c_w.l(libinit2.o)(c_w.l)
    0x00002146   0x00000000   Code   RO          299    .ARM.Collect$$libinit$$00000013  c_w.l(libinit2.o)(c_w.l)
    0x00002146   0x00000000   Code   RO          301    .ARM.Collect$$libinit$$00000015  c_w.l(libinit2.o)(c_w.l)
    0x00002146   0x00000000   Code   RO          303    .ARM.Collect$$libinit$$00000017  c_w.l(libinit2.o)(c_w.l)
    0x00002146   0x00000000   Code   RO          305    .ARM.Collect$$libinit$$00000019  c_w.l(libinit2.o)(c_w.l)
    0x00002146   0x00000000   Code   RO          307    .ARM.Collect$$libinit$$0000001B  c_w.l(libinit2.o)(c_w.l)
    0x00002146   0x00000000   Code   RO          309    .ARM.Collect$$libinit$$0000001D  c_w.l(libinit2.o)(c_w.l)
    0x00002146   0x00000000   Code   RO          311    .ARM.Collect$$libinit$$0000001F  c_w.l(libinit2.o)(c_w.l)
    0x00002146   0x00000000   Code   RO          313    .ARM.Collect$$libinit$$00000021  c_w.l(libinit2.o)(c_w.l)
    0x00002146   0x00000000   Code   RO          317    .ARM.Collect$$libinit$$00000028  c_w.l(libinit2.o)(c_w.l)
    0x00002146   0x00000000   Code   RO          319    .ARM.Collect$$libinit$$0000002A  c_w.l(libinit2.o)(c_w.l)
    0x00002146   0x00000000   Code   RO          321    .ARM.Collect$$libinit$$0000002C  c_w.l(libinit2.o)(c_w.l)
    0x00002146   0x00000000   Code   RO          323    .ARM.Collect$$libinit$$0000002E  c_w.l(libinit2.o)(c_w.l)
    0x00002146   0x00000002   Code   RO          324    .ARM.Collect$$libinit$$0000002F  c_w.l(libinit2.o)(c_w.l)
    0x00002148   0x00000002   Code   RO          350    .ARM.Collect$$libshutdown$$00000000  c_w.l(libshutdown.o)(c_w.l)
    0x0000214a   0x00000000   Code   RO          363    .ARM.Collect$$libshutdown$$00000003  c_w.l(libshutdown2.o)(c_w.l)
    0x0000214a   0x00000000   Code   RO          366    .ARM.Collect$$libshutdown$$00000006  c_w.l(libshutdown2.o)(c_w.l)
    0x0000214a   0x00000000   Code   RO          369    .ARM.Collect$$libshutdown$$00000009  c_w.l(libshutdown2.o)(c_w.l)
    0x0000214a   0x00000000   Code   RO          371    .ARM.Collect$$libshutdown$$0000000B  c_w.l(libshutdown2.o)(c_w.l)
    0x0000214a   0x00000000   Code   RO          374    .ARM.Collect$$libshutdown$$0000000E  c_w.l(libshutdown2.o)(c_w.l)
    0x0000214a   0x00000002   Code   RO          375    .ARM.Collect$$libshutdown$$0000000F  c_w.l(libshutdown2.o)(c_w.l)
    0x0000214c   0x00000000   Code   RO          239    .ARM.Collect$$rtentry$$00000000  c_w.l(rtentry.o)(c_w.l)
    0x0000214c   0x00000000   Code   RO          251    .ARM.Collect$$rtentry$$00000002  c_w.l(rtentry2.o)(c_w.l)
    0x0000214c   0x00000006   Code   RO          266    .ARM.Collect$$rtentry$$00000004  c_w.l(rtentry4.o)(c_w.l)
    0x00002152   0x00000000   Code   RO          253    .ARM.Collect$$rtentry$$00000009  c_w.l(rtentry2.o)(c_w.l)
    0x00002152   0x00000004   Code   RO          254    .ARM.Collect$$rtentry$$0000000A  c_w.l(rtentry2.o)(c_w.l)
    0x00002156   0x00000000   Code   RO          256    .ARM.Collect$$rtentry$$0000000C  c_w.l(rtentry2.o)(c_w.l)
    0x00002156   0x00000008   Code   RO          257    .ARM.Collect$$rtentry$$0000000D  c_w.l(rtentry2.o)(c_w.l)
    0x0000215e   0x00000002   Code   RO          282    .ARM.Collect$$rtexit$$00000000  c_w.l(rtexit.o)(c_w.l)
    0x00002160   0x00000000   Code   RO          328    .ARM.Collect$$rtexit$$00000002  c_w.l(rtexit2.o)(c_w.l)
    0x00002160   0x00000004   Code   RO          329    .ARM.Collect$$rtexit$$00000003  c_w.l(rtexit2.o)(c_w.l)
    0x00002164   0x00000006   Code   RO          330    .ARM.Collect$$rtexit$$00000004  c_w.l(rtexit2.o)(c_w.l)
    0x0000216a   0x00000002   PAD
    0x0000216c   0x00000034   Code   RO            4    .text               startup_lpc17xx.o
    0x000021a0   0x00001150   Code   RO           10    .text               main.o
    0x000032f0   0x000000ac   Code   RO           62    .text               pwm.o
    0x0000339c   0x00000258   Code   RO           88    .text               uart.o
    0x000035f4   0x00000060   Code   RO          104    .text               rit.o
    0x00003654   0x000000ac   Code   RO          120    .text               timer.o
    0x00003700   0x00000298   Code   RO          135    .text               system_lpc17xx.o
    0x00003998   0x00000088   Code   RO          160    .text               exti.o
    0x00003a20   0x000000b4   Code   RO          182    .text               gpio.o
    0x00003ad4   0x00000006   Code   RO          205    .text               c_w.l(heapauxi.o)(c_w.l)
    0x00003ada   0x0000004a   Code   RO          268    .text               c_w.l(sys_stackheap_outer.o)(c_w.l)
    0x00003b24   0x0000000c   Code   RO          270    .text               c_w.l(exit.o)(c_w.l)
    0x00003b30   0x00000008   Code   RO          279    .text               c_w.l(libspace.o)(c_w.l)
    0x00003b38   0x0000000c   Code   RO          338    .text               c_w.l(rt_fp_status_addr_intlibspace.o)(c_w.l)
    0x00003b44   0x0000000c   Code   RO          342    .text               c_w.l(sys_exit.o)(c_w.l)
    0x00003b50   0x00000002   Code   RO          353    .text               c_w.l(use_no_semi.o)(c_w.l)
    0x00003b52   0x00000002   PAD
    0x00003b54   0x00000062   Code   RO          209    x$fpl$d2f           fz_ws.l(d2f.o)(fz_ws.l)
    0x00003bb6   0x00000002   PAD
    0x00003bb8   0x000002b0   Code   RO          212    x$fpl$ddiv          fz_ws.l(ddiv.o)(fz_ws.l)
    0x00003e68   0x00000026   Code   RO          215    x$fpl$dfltu         fz_ws.l(dflt_clz.o)(fz_ws.l)
    0x00003e8e   0x0000009c   Code   RO          241    x$fpl$dnaninf       fz_ws.l(dnaninf.o)(fz_ws.l)
    0x00003f2a   0x0000000c   Code   RO          243    x$fpl$dretinf       fz_ws.l(dretinf.o)(fz_ws.l)
    0x00003f36   0x00000002   PAD
    0x00003f38   0x000000c4   Code   RO          221    x$fpl$fadd          fz_ws.l(faddsub_clz.o)(fz_ws.l)
    0x00003ffc   0x00000036   Code   RO          227    x$fpl$ffix          fz_ws.l(ffix.o)(fz_ws.l)
    0x00004032   0x00000002   PAD
    0x00004034   0x00000030   Code   RO          232    x$fpl$fflt          fz_ws.l(fflt_clz.o)(fz_ws.l)
    0x00004064   0x00000102   Code   RO          237    x$fpl$fmul          fz_ws.l(fmul.o)(fz_ws.l)
    0x00004166   0x0000008c   Code   RO          245    x$fpl$fnaninf       fz_ws.l(fnaninf.o)(fz_ws.l)
    0x000041f2   0x0000000e   Code   RO          325    x$fpl$fpinit        fz_ws.l(fpinit.o)(fz_ws.l)
    0x00004200   0x0000000a   Code   RO          247    x$fpl$fretinf       fz_ws.l(fretinf.o)(fz_ws.l)
    0x0000420a   0x00000002   PAD
    0x0000420c   0x000000ea   Code   RO          223    x$fpl$fsub          fz_ws.l(faddsub_clz.o)(fz_ws.l)
    0x000042f6   0x00000000   Code   RO          249    x$fpl$usenofp       fz_ws.l(usenofp.o)(fz_ws.l)
    0x000042f6   0x00000002   PAD
    0x000042f8   0x00000020   Data   RO          406    Region$$Table       anon$$obj.o


    Execution Region RW_IRAM1 (Base: 0x10000000, Size: 0x00000338, Max: 0x00008000, ABSOLUTE)

    Base Addr    Size         Type   Attr      Idx    E Section Name        Object

    0x10000000   0x000000c8   Data   RW           12    .data               main.o
    0x100000c8   0x00000004   Data   RW          136    .data               system_lpc17xx.o
    0x100000cc   0x0000000a   Zero   RW           11    .bss                main.o
    0x100000d6   0x00000002   PAD
    0x100000d8   0x00000060   Zero   RW          280    .bss                c_w.l(libspace.o)(c_w.l)
    0x10000138   0x00000000   Zero   RW            2    HEAP                startup_lpc17xx.o
    0x10000138   0x00000200   Zero   RW            1    STACK               startup_lpc17xx.o


==============================================================================

Image component sizes


      Code (inc. data)   RO Data    RW Data    ZI Data      Debug   Object Name

       136         12          0          0          0          0   exti.o
       180         14          0          0          0          0   gpio.o
      4432        390          0        200         10          0   main.o
       172         16          0          0          0          0   pwm.o
        96         16          0          0          0          0   rit.o
        52         18        204          0        512          0   startup_lpc17xx.o
       664         82          0          4          0          0   system_lpc17xx.o
       172         24          0          0          0          0   timer.o
       600         24          0          0          0          0   uart.o

    ----------------------------------------------------------------------
      6504        596        236        204        524          0   Object Totals
         0          0         32          0          0          0   (incl. Generated)
         0          0          0          0          2          0   (incl. Padding)

    ----------------------------------------------------------------------

      Code (inc. data)   RO Data    RW Data    ZI Data      Debug   Library Member Name

         8          0          0          0          0          0   __main.o
        52          8          0          0          0          0   __scatter.o
        26          0          0          0          0          0   __scatter_copy.o
        28          0          0          0          0          0   __scatter_zi.o
        12          0          0          0          0          0   exit.o
         6          0          0          0          0          0   heapauxi.o
         6          0          0          0          0          0   libinit.o
         2          0          0          0          0          0   libinit2.o
         2          0          0          0          0          0   libshutdown.o
         2          0          0          0          0          0   libshutdown2.o
         8          4          0          0         96          0   libspace.o
        12          4          0          0          0          0   rt_fp_status_addr_intlibspace.o
         0          0          0          0          0          0   rtentry.o
        12          0          0          0          0          0   rtentry2.o
         6          0          0          0          0          0   rtentry4.o
         2          0          0          0          0          0   rtexit.o
        10          0          0          0          0          0   rtexit2.o
        12          4          0          0          0          0   sys_exit.o
        74          0          0          0          0          0   sys_stackheap_outer.o
         2          0          0          0          0          0   use_no_semi.o
        98          4          0          0          0          0   d2f.o
       688        140          0          0          0          0   ddiv.o
        38          0          0          0          0          0   dflt_clz.o
       156          4          0          0          0          0   dnaninf.o
        12          0          0          0          0          0   dretinf.o
       430          8          0          0          0          0   faddsub_clz.o
        54          4          0          0          0          0   ffix.o
        48          0          0          0          0          0   fflt_clz.o
       258          4          0          0          0          0   fmul.o
       140          4          0          0          0          0   fnaninf.o
        14          0          0          0          0          0   fpinit.o
        10          0          0          0          0          0   fretinf.o
         0          0          0          0          0          0   usenofp.o

    ----------------------------------------------------------------------
      2244        188          0          0         96          0   Library Totals
        16          0          0          0          0          0   (incl. Padding)

    ----------------------------------------------------------------------

      Code (inc. data)   RO Data    RW Data    ZI Data      Debug   Library Name

       282         20          0          0         96        640   c_w.l
      1946        168          0          0          0       1164   fz_ws.l

    ----------------------------------------------------------------------
      2244        188          0          0         96          0   Library Totals

    ----------------------------------------------------------------------

==============================================================================


      Code (inc. data)   RO Data    RW Data    ZI Data      Debug   

      8748        784        236        204        620     118568   Grand Totals
      8748        784        236        204        620     118568   ELF Image Totals
      8748        784        236        204          0          0   ROM Totals

==============================================================================

    Total RO  Size (Code + RO Data)                 8984 (   8.77kB)
    Total RW  Size (RW Data + ZI Data)               824 (   0.80kB)
    Total ROM Size (Code + RO Data + RW Data)       9188 (   8.97kB)

==============================================================================

