<html>
<body>
<pre>
<h1>µVision Build Log</h1>
<h2>Project:</h2>
C:\Users\Bardia Nadimi\Desktop\PID Test\test small size rev5.1-3\test rev5.1.uvproj
Project File Date:  01/13/2015

<h2>Output:</h2>
Build target 'Target 1'
compiling main.c...
main.c(11): warning:  #520-D: initialization with "{...}" expected for aggregate object
main.c:   int RecievePacket[10]=0;
main.c:                         ^
main.c(129): warning:  #177-D: variable "i" was declared but never referenced
main.c:   int i;
main.c:       ^
main.c: main.c: 2 warnings, 0 errors
linking...
Program Size: Code=5220 RO-data=236 RW-data=188 ZI-data=652  
FromELF: creating hex file...
User command #1: fromelf --bin ".\test rev5.1.axf" --output ".\\test rev5.1.bin"
"test rev5.1.axf" - 0 Error(s), 2 Warning(s).
Build target 'Target 1'
compiling main.c...
main.c(11): warning:  #520-D: initialization with "{...}" expected for aggregate object
main.c:   int RecievePacket[10]=0;
main.c:                         ^
main.c(133): warning:  #177-D: variable "i" was declared but never referenced
main.c:   int i;
main.c:       ^
main.c: main.c: 2 warnings, 0 errors
linking...
Program Size: Code=6272 RO-data=236 RW-data=188 ZI-data=652  
FromELF: creating hex file...
User command #1: fromelf --bin ".\test rev5.1.axf" --output ".\\test rev5.1.bin"
"test rev5.1.axf" - 0 Error(s), 2 Warning(s).
Build target 'Target 1'
compiling main.c...
main.c(11): warning:  #520-D: initialization with "{...}" expected for aggregate object
main.c:   int RecievePacket[10]=0;
main.c:                         ^
main.c(133): warning:  #177-D: variable "i" was declared but never referenced
main.c:   int i;
main.c:       ^
main.c: main.c: 2 warnings, 0 errors
linking...
Program Size: Code=6304 RO-data=236 RW-data=188 ZI-data=652  
FromELF: creating hex file...
User command #1: fromelf --bin ".\test rev5.1.axf" --output ".\\test rev5.1.bin"
"test rev5.1.axf" - 0 Error(s), 2 Warning(s).
Build target 'Target 1'
linking...
Program Size: Code=6304 RO-data=236 RW-data=188 ZI-data=652  
FromELF: creating hex file...
User command #1: fromelf --bin ".\test rev5.1.axf" --output ".\\test rev5.1.bin"
"test rev5.1.axf" - 0 Error(s), 0 Warning(s).
