ARM Linker, 4.1 [Build 481] [Standard]

==============================================================================

Section Cross References

    startup_lpc17xx.o(STACK) refers (Special) to heapauxi.o(.text) for __use_two_region_memory
    startup_lpc17xx.o(HEAP) refers (Special) to heapauxi.o(.text) for __use_two_region_memory
    startup_lpc17xx.o(RESET) refers (Special) to heapauxi.o(.text) for __use_two_region_memory
    startup_lpc17xx.o(RESET) refers to startup_lpc17xx.o(STACK) for __initial_sp
    startup_lpc17xx.o(RESET) refers to startup_lpc17xx.o(.text) for Reset_Handler
    startup_lpc17xx.o(RESET) refers to main.o(.text) for UART2_IRQHandler
    startup_lpc17xx.o(.text) refers (Special) to heapauxi.o(.text) for __use_two_region_memory
    startup_lpc17xx.o(.text) refers to __main.o(!!!main) for __main
    startup_lpc17xx.o(.text) refers to startup_lpc17xx.o(HEAP) for Heap_Mem
    startup_lpc17xx.o(.text) refers to startup_lpc17xx.o(STACK) for Stack_Mem
    system_lpc17xx.o(.text) refers to system_lpc17xx.o(.data) for SystemFrequency
    main.o(.text) refers to dflt_clz.o(x$fpl$dflt) for __aeabi_i2d
    main.o(.text) refers to ddiv.o(x$fpl$ddiv) for __aeabi_ddiv
    main.o(.text) refers to d2f.o(x$fpl$d2f) for __aeabi_d2f
    main.o(.text) refers to fflt_clz.o(x$fpl$fflt) for __aeabi_i2f
    main.o(.text) refers to fmul.o(x$fpl$fmul) for __aeabi_fmul
    main.o(.text) refers to faddsub_clz.o(x$fpl$fadd) for __aeabi_fadd
    main.o(.text) refers to ffix.o(x$fpl$ffix) for __aeabi_f2iz
    main.o(.text) refers to main.o(.bss) for RecievePacket
    main.o(.text) refers to main.o(.data) for M1DesireSpeed
    main.o(.text) refers to drive.o(.text) for Drive
    main.o(.text) refers to uart.o(.text) for UART2_SendByte
    main.o(.text) refers to delay.o(.text) for delay
    main.o(.text) refers to system_lpc17xx.o(.text) for SystemInit
    main.o(.text) refers to pwm.o(.text) for PWM_Init
    main.o(.text) refers to timer.o(.text) for Timer_Init
    main.o(.text) refers to exti.o(.text) for EXTI_Init
    main.o(.text) refers to rit.o(.text) for RIT_Init
    pwm.o(.text) refers to pwm.o(.data) for match_counter1
    __main.o(!!!main) refers to rtentry.o(.ARM.Collect$$rtentry$$00000000) for __rt_entry
    d2f.o(x$fpl$d2f) refers (Special) to usenofp.o(x$fpl$usenofp) for __I$use$fp
    d2f.o(x$fpl$d2f) refers to fretinf.o(x$fpl$fretinf) for __fpl_fretinf
    d2f.o(x$fpl$d2f) refers to dnaninf.o(x$fpl$dnaninf) for __fpl_dnaninf
    ddiv.o(x$fpl$drdiv) refers (Special) to usenofp.o(x$fpl$usenofp) for __I$use$fp
    ddiv.o(x$fpl$drdiv) refers to ddiv.o(x$fpl$ddiv) for ddiv_entry
    ddiv.o(x$fpl$ddiv) refers (Special) to usenofp.o(x$fpl$usenofp) for __I$use$fp
    ddiv.o(x$fpl$ddiv) refers to dretinf.o(x$fpl$dretinf) for __fpl_dretinf
    ddiv.o(x$fpl$ddiv) refers to dnaninf.o(x$fpl$dnaninf) for __fpl_dnaninf
    dflt_clz.o(x$fpl$dfltu) refers (Special) to usenofp.o(x$fpl$usenofp) for __I$use$fp
    dflt_clz.o(x$fpl$dflt) refers (Special) to usenofp.o(x$fpl$usenofp) for __I$use$fp
    dflt_clz.o(x$fpl$dfltn) refers (Special) to usenofp.o(x$fpl$usenofp) for __I$use$fp
    faddsub_clz.o(x$fpl$fadd) refers (Special) to usenofp.o(x$fpl$usenofp) for __I$use$fp
    faddsub_clz.o(x$fpl$fadd) refers to faddsub_clz.o(x$fpl$fsub) for _fsub1
    faddsub_clz.o(x$fpl$fadd) refers to fretinf.o(x$fpl$fretinf) for __fpl_fretinf
    faddsub_clz.o(x$fpl$fadd) refers to fnaninf.o(x$fpl$fnaninf) for __fpl_fnaninf
    faddsub_clz.o(x$fpl$frsb) refers (Special) to usenofp.o(x$fpl$usenofp) for __I$use$fp
    faddsub_clz.o(x$fpl$frsb) refers to faddsub_clz.o(x$fpl$fadd) for _fadd1
    faddsub_clz.o(x$fpl$frsb) refers to faddsub_clz.o(x$fpl$fsub) for _fsub1
    faddsub_clz.o(x$fpl$fsub) refers (Special) to usenofp.o(x$fpl$usenofp) for __I$use$fp
    faddsub_clz.o(x$fpl$fsub) refers to faddsub_clz.o(x$fpl$fadd) for _fadd1
    faddsub_clz.o(x$fpl$fsub) refers to fnaninf.o(x$fpl$fnaninf) for __fpl_fnaninf
    ffix.o(x$fpl$ffix) refers (Special) to usenofp.o(x$fpl$usenofp) for __I$use$fp
    ffix.o(x$fpl$ffix) refers to fnaninf.o(x$fpl$fnaninf) for __fpl_fnaninf
    ffix.o(x$fpl$ffixr) refers (Special) to usenofp.o(x$fpl$usenofp) for __I$use$fp
    ffix.o(x$fpl$ffixr) refers to fnaninf.o(x$fpl$fnaninf) for __fpl_fnaninf
    fflt_clz.o(x$fpl$ffltu) refers (Special) to usenofp.o(x$fpl$usenofp) for __I$use$fp
    fflt_clz.o(x$fpl$fflt) refers (Special) to usenofp.o(x$fpl$usenofp) for __I$use$fp
    fflt_clz.o(x$fpl$ffltn) refers (Special) to usenofp.o(x$fpl$usenofp) for __I$use$fp
    fmul.o(x$fpl$fmul) refers (Special) to usenofp.o(x$fpl$usenofp) for __I$use$fp
    fmul.o(x$fpl$fmul) refers to fretinf.o(x$fpl$fretinf) for __fpl_fretinf
    fmul.o(x$fpl$fmul) refers to fnaninf.o(x$fpl$fnaninf) for __fpl_fnaninf
    rtentry.o(.ARM.Collect$$rtentry$$00000000) refers (Special) to rtentry2.o(.ARM.Collect$$rtentry$$0000000A) for __rt_entry_li
    rtentry.o(.ARM.Collect$$rtentry$$00000000) refers (Special) to rtentry2.o(.ARM.Collect$$rtentry$$0000000D) for __rt_entry_main
    rtentry.o(.ARM.Collect$$rtentry$$00000000) refers (Special) to rtentry2.o(.ARM.Collect$$rtentry$$0000000C) for __rt_entry_postli_1
    rtentry.o(.ARM.Collect$$rtentry$$00000000) refers (Special) to rtentry2.o(.ARM.Collect$$rtentry$$00000009) for __rt_entry_postsh_1
    rtentry.o(.ARM.Collect$$rtentry$$00000000) refers (Special) to rtentry2.o(.ARM.Collect$$rtentry$$00000002) for __rt_entry_presh_1
    rtentry.o(.ARM.Collect$$rtentry$$00000000) refers (Special) to rtentry4.o(.ARM.Collect$$rtentry$$00000004) for __rt_entry_sh
    rtentry.o(.ARM.exidx) refers (Special) to rtentry2.o(.ARM.Collect$$rtentry$$0000000A) for __rt_entry_li
    rtentry.o(.ARM.exidx) refers (Special) to rtentry2.o(.ARM.Collect$$rtentry$$0000000D) for __rt_entry_main
    rtentry.o(.ARM.exidx) refers (Special) to rtentry2.o(.ARM.Collect$$rtentry$$0000000C) for __rt_entry_postli_1
    rtentry.o(.ARM.exidx) refers (Special) to rtentry2.o(.ARM.Collect$$rtentry$$00000009) for __rt_entry_postsh_1
    rtentry.o(.ARM.exidx) refers (Special) to rtentry2.o(.ARM.Collect$$rtentry$$00000002) for __rt_entry_presh_1
    rtentry.o(.ARM.exidx) refers (Special) to rtentry4.o(.ARM.Collect$$rtentry$$00000004) for __rt_entry_sh
    rtentry.o(.ARM.exidx) refers to rtentry.o(.ARM.Collect$$rtentry$$00000000) for .ARM.Collect$$rtentry$$00000000
    dnaninf.o(x$fpl$dnaninf) refers (Special) to usenofp.o(x$fpl$usenofp) for __I$use$fp
    dretinf.o(x$fpl$dretinf) refers (Special) to usenofp.o(x$fpl$usenofp) for __I$use$fp
    fnaninf.o(x$fpl$fnaninf) refers (Special) to usenofp.o(x$fpl$usenofp) for __I$use$fp
    fretinf.o(x$fpl$fretinf) refers (Special) to usenofp.o(x$fpl$usenofp) for __I$use$fp
    rtentry2.o(.ARM.Collect$$rtentry$$00000008) refers to boardinit2.o(.text) for _platform_post_stackheap_init
    rtentry2.o(.ARM.Collect$$rtentry$$0000000A) refers to libinit.o(.ARM.Collect$$libinit$$00000000) for __rt_lib_init
    rtentry2.o(.ARM.Collect$$rtentry$$0000000B) refers to boardinit3.o(.text) for _platform_post_lib_init
    rtentry2.o(.ARM.Collect$$rtentry$$0000000D) refers to main.o(.text) for main
    rtentry2.o(.ARM.Collect$$rtentry$$0000000D) refers to exit.o(.text) for exit
    rtentry2.o(.ARM.exidx) refers to rtentry2.o(.ARM.Collect$$rtentry$$00000001) for .ARM.Collect$$rtentry$$00000001
    rtentry2.o(.ARM.exidx) refers to rtentry2.o(.ARM.Collect$$rtentry$$00000002) for .ARM.Collect$$rtentry$$00000002
    rtentry2.o(.ARM.exidx) refers to rtentry2.o(.ARM.Collect$$rtentry$$00000008) for .ARM.Collect$$rtentry$$00000008
    rtentry2.o(.ARM.exidx) refers to rtentry2.o(.ARM.Collect$$rtentry$$00000009) for .ARM.Collect$$rtentry$$00000009
    rtentry2.o(.ARM.exidx) refers to rtentry2.o(.ARM.Collect$$rtentry$$0000000A) for .ARM.Collect$$rtentry$$0000000A
    rtentry2.o(.ARM.exidx) refers to rtentry2.o(.ARM.Collect$$rtentry$$0000000B) for .ARM.Collect$$rtentry$$0000000B
    rtentry2.o(.ARM.exidx) refers to rtentry2.o(.ARM.Collect$$rtentry$$0000000C) for .ARM.Collect$$rtentry$$0000000C
    rtentry2.o(.ARM.exidx) refers to rtentry2.o(.ARM.Collect$$rtentry$$0000000D) for .ARM.Collect$$rtentry$$0000000D
    rtentry4.o(.ARM.Collect$$rtentry$$00000004) refers to sys_stackheap_outer.o(.text) for __user_setup_stackheap
    rtentry4.o(.ARM.exidx) refers to rtentry4.o(.ARM.Collect$$rtentry$$00000004) for .ARM.Collect$$rtentry$$00000004
    sys_stackheap_outer.o(.text) refers to libspace.o(.text) for __user_perproc_libspace
    sys_stackheap_outer.o(.text) refers to startup_lpc17xx.o(.text) for __user_initial_stackheap
    exit.o(.text) refers to rtexit.o(.ARM.Collect$$rtexit$$00000000) for __rt_exit
    libinit.o(.ARM.Collect$$libinit$$00000000) refers (Special) to libinit2.o(.ARM.Collect$$libinit$$0000002A) for __rt_lib_init_alloca_1
    libinit.o(.ARM.Collect$$libinit$$00000000) refers (Special) to libinit2.o(.ARM.Collect$$libinit$$00000028) for __rt_lib_init_argv_1
    libinit.o(.ARM.Collect$$libinit$$00000000) refers (Special) to libinit2.o(.ARM.Collect$$libinit$$00000017) for __rt_lib_init_atexit_1
    libinit.o(.ARM.Collect$$libinit$$00000000) refers (Special) to libinit2.o(.ARM.Collect$$libinit$$0000001D) for __rt_lib_init_clock_1
    libinit.o(.ARM.Collect$$libinit$$00000000) refers (Special) to libinit2.o(.ARM.Collect$$libinit$$0000002E) for __rt_lib_init_cpp_1
    libinit.o(.ARM.Collect$$libinit$$00000000) refers (Special) to libinit2.o(.ARM.Collect$$libinit$$0000002C) for __rt_lib_init_exceptions_1
    libinit.o(.ARM.Collect$$libinit$$00000000) refers (Special) to libinit2.o(.ARM.Collect$$libinit$$0000001B) for __rt_lib_init_fp_trap_1
    libinit.o(.ARM.Collect$$libinit$$00000000) refers (Special) to libinit2.o(.ARM.Collect$$libinit$$0000001F) for __rt_lib_init_getenv_1
    libinit.o(.ARM.Collect$$libinit$$00000000) refers (Special) to libinit2.o(.ARM.Collect$$libinit$$00000006) for __rt_lib_init_heap_1
    libinit.o(.ARM.Collect$$libinit$$00000000) refers (Special) to libinit2.o(.ARM.Collect$$libinit$$0000000D) for __rt_lib_init_lc_collate_1
    libinit.o(.ARM.Collect$$libinit$$00000000) refers (Special) to libinit2.o(.ARM.Collect$$libinit$$0000000F) for __rt_lib_init_lc_ctype_1
    libinit.o(.ARM.Collect$$libinit$$00000000) refers (Special) to libinit2.o(.ARM.Collect$$libinit$$00000011) for __rt_lib_init_lc_monetary_1
    libinit.o(.ARM.Collect$$libinit$$00000000) refers (Special) to libinit2.o(.ARM.Collect$$libinit$$00000013) for __rt_lib_init_lc_numeric_1
    libinit.o(.ARM.Collect$$libinit$$00000000) refers (Special) to libinit2.o(.ARM.Collect$$libinit$$00000015) for __rt_lib_init_lc_time_1
    libinit.o(.ARM.Collect$$libinit$$00000000) refers (Special) to libinit2.o(.ARM.Collect$$libinit$$0000000A) for __rt_lib_init_rand_1
    libinit.o(.ARM.Collect$$libinit$$00000000) refers (Special) to libinit2.o(.ARM.Collect$$libinit$$0000002F) for __rt_lib_init_return
    libinit.o(.ARM.Collect$$libinit$$00000000) refers (Special) to libinit2.o(.ARM.Collect$$libinit$$00000019) for __rt_lib_init_signal_1
    libinit.o(.ARM.Collect$$libinit$$00000000) refers (Special) to libinit2.o(.ARM.Collect$$libinit$$00000021) for __rt_lib_init_stdio_1
    libinit.o(.ARM.Collect$$libinit$$00000000) refers (Special) to libinit2.o(.ARM.Collect$$libinit$$00000008) for __rt_lib_init_user_alloc_1
    libinit.o(.ARM.Collect$$libinit$$00000000) refers to fpinit.o(x$fpl$fpinit) for _fp_init
    libspace.o(.text) refers to libspace.o(.bss) for __libspace_start
    rtexit.o(.ARM.Collect$$rtexit$$00000000) refers (Special) to rtexit2.o(.ARM.Collect$$rtexit$$00000004) for __rt_exit_exit
    rtexit.o(.ARM.Collect$$rtexit$$00000000) refers (Special) to rtexit2.o(.ARM.Collect$$rtexit$$00000003) for __rt_exit_ls
    rtexit.o(.ARM.Collect$$rtexit$$00000000) refers (Special) to rtexit2.o(.ARM.Collect$$rtexit$$00000002) for __rt_exit_prels_1
    rtexit.o(.ARM.exidx) refers (Special) to rtexit2.o(.ARM.Collect$$rtexit$$00000004) for __rt_exit_exit
    rtexit.o(.ARM.exidx) refers (Special) to rtexit2.o(.ARM.Collect$$rtexit$$00000003) for __rt_exit_ls
    rtexit.o(.ARM.exidx) refers (Special) to rtexit2.o(.ARM.Collect$$rtexit$$00000002) for __rt_exit_prels_1
    rtexit.o(.ARM.exidx) refers to rtexit.o(.ARM.Collect$$rtexit$$00000000) for .ARM.Collect$$rtexit$$00000000
    libinit2.o(.ARM.Collect$$libinit$$0000000C) refers to libinit2.o(.ARM.Collect$$libinit$$0000000B) for .ARM.Collect$$libinit$$0000000B
    libinit2.o(.ARM.Collect$$libinit$$0000000E) refers to libinit2.o(.ARM.Collect$$libinit$$0000000B) for .ARM.Collect$$libinit$$0000000B
    libinit2.o(.ARM.Collect$$libinit$$00000010) refers to libinit2.o(.ARM.Collect$$libinit$$0000000B) for .ARM.Collect$$libinit$$0000000B
    libinit2.o(.ARM.Collect$$libinit$$00000012) refers to libinit2.o(.ARM.Collect$$libinit$$0000000B) for .ARM.Collect$$libinit$$0000000B
    libinit2.o(.ARM.Collect$$libinit$$00000014) refers to libinit2.o(.ARM.Collect$$libinit$$0000000B) for .ARM.Collect$$libinit$$0000000B
    libinit2.o(.ARM.Collect$$libinit$$00000022) refers to argv_veneer.o(.emb_text) for __ARM_argv_veneer
    libinit2.o(.ARM.Collect$$libinit$$00000023) refers to argv_veneer.o(.emb_text) for __ARM_argv_veneer
    fpinit.o(x$fpl$fpinit) refers to rt_fp_status_addr_intlibspace.o(.text) for __rt_fp_status_addr
    rtexit2.o(.ARM.Collect$$rtexit$$00000003) refers to libshutdown.o(.ARM.Collect$$libshutdown$$00000000) for __rt_lib_shutdown
    rtexit2.o(.ARM.Collect$$rtexit$$00000004) refers to sys_exit.o(.text) for _sys_exit
    rtexit2.o(.ARM.exidx) refers to rtexit2.o(.ARM.Collect$$rtexit$$00000001) for .ARM.Collect$$rtexit$$00000001
    rtexit2.o(.ARM.exidx) refers to rtexit2.o(.ARM.Collect$$rtexit$$00000002) for .ARM.Collect$$rtexit$$00000002
    rtexit2.o(.ARM.exidx) refers to rtexit2.o(.ARM.Collect$$rtexit$$00000003) for .ARM.Collect$$rtexit$$00000003
    rtexit2.o(.ARM.exidx) refers to rtexit2.o(.ARM.Collect$$rtexit$$00000004) for .ARM.Collect$$rtexit$$00000004
    rt_fp_status_addr.o(.text) refers to rt_fp_status_addr.o(.bss) for __rt_fp_status_addr_data
    rt_fp_status_addr_intlibspace.o(.text) refers to libspace.o(.bss) for __libspace_start
    argv_veneer.o(.emb_text) refers to no_argv.o(.text) for __ARM_get_argv
    sys_exit.o(.text) refers (Special) to use_no_semi.o(.text) for __I$use$semihosting
    _get_argv_nomalloc.o(.text) refers (Special) to hrguard.o(.text) for __heap_region$guard
    _get_argv_nomalloc.o(.text) refers to defsig_rtmem_outer.o(.text) for __rt_SIGRTMEM
    _get_argv_nomalloc.o(.text) refers to sys_command.o(.text) for _sys_command_string
    libshutdown.o(.ARM.Collect$$libshutdown$$00000000) refers (Special) to libshutdown2.o(.ARM.Collect$$libshutdown$$00000006) for __rt_lib_shutdown_fp_trap_1
    libshutdown.o(.ARM.Collect$$libshutdown$$00000000) refers (Special) to libshutdown2.o(.ARM.Collect$$libshutdown$$0000000E) for __rt_lib_shutdown_heap_1
    libshutdown.o(.ARM.Collect$$libshutdown$$00000000) refers (Special) to libshutdown2.o(.ARM.Collect$$libshutdown$$0000000F) for __rt_lib_shutdown_return
    libshutdown.o(.ARM.Collect$$libshutdown$$00000000) refers (Special) to libshutdown2.o(.ARM.Collect$$libshutdown$$00000009) for __rt_lib_shutdown_signal_1
    libshutdown.o(.ARM.Collect$$libshutdown$$00000000) refers (Special) to libshutdown2.o(.ARM.Collect$$libshutdown$$00000003) for __rt_lib_shutdown_stdio_1
    libshutdown.o(.ARM.Collect$$libshutdown$$00000000) refers (Special) to libshutdown2.o(.ARM.Collect$$libshutdown$$0000000B) for __rt_lib_shutdown_user_alloc_1
    sys_command.o(.text) refers (Special) to use_no_semi.o(.text) for __I$use$semihosting
    defsig_rtmem_outer.o(.text) refers to defsig_rtmem_inner.o(.text) for __rt_SIGRTMEM_inner
    defsig_rtmem_outer.o(.text) refers to defsig_exit.o(.text) for __sig_exit
    defsig_rtmem_formal.o(.text) refers to rt_raise.o(.text) for __rt_raise
    rt_raise.o(.text) refers to __raise.o(.text) for __raise
    rt_raise.o(.text) refers to sys_exit.o(.text) for _sys_exit
    defsig_exit.o(.text) refers to sys_exit.o(.text) for _sys_exit
    defsig_rtmem_inner.o(.text) refers to defsig_general.o(.text) for __default_signal_display
    __raise.o(.text) refers to defsig.o(CL$$defsig) for __default_signal_handler
    defsig_general.o(.text) refers to sys_wrch.o(.text) for _ttywrch
    sys_wrch.o(.text) refers (Special) to use_no_semi.o(.text) for __I$use$semihosting
    defsig.o(CL$$defsig) refers to defsig_rtmem_inner.o(.text) for __rt_SIGRTMEM_inner
    defsig_abrt_inner.o(.text) refers to defsig_general.o(.text) for __default_signal_display
    defsig_fpe_inner.o(.text) refers to defsig_general.o(.text) for __default_signal_display
    defsig_rtred_inner.o(.text) refers to defsig_general.o(.text) for __default_signal_display
    defsig_stak_inner.o(.text) refers to defsig_general.o(.text) for __default_signal_display
    defsig_pvfn_inner.o(.text) refers to defsig_general.o(.text) for __default_signal_display
    defsig_cppl_inner.o(.text) refers to defsig_general.o(.text) for __default_signal_display
    defsig_segv_inner.o(.text) refers to defsig_general.o(.text) for __default_signal_display
    defsig_other.o(.text) refers to defsig_general.o(.text) for __default_signal_display


==============================================================================

Removing Unused input sections from the image.

    Removing functions.o(.text), (20 bytes).
    Removing drive.o(.data), (16 bytes).

2 unused section(s) (total 36 bytes) removed from the image.

==============================================================================

Image Symbol Table

    Local Symbols

    Symbol Name                              Value     Ov Type        Size  Object(Section)

    ../../angel/boardlib.s                   0x00000000   Number         0  boardinit2.o ABSOLUTE
    ../../angel/boardlib.s                   0x00000000   Number         0  boardinit3.o ABSOLUTE
    ../../angel/boardlib.s                   0x00000000   Number         0  boardinit1.o ABSOLUTE
    ../../angel/boardlib.s                   0x00000000   Number         0  boardshut.o ABSOLUTE
    ../../angel/handlers.s                   0x00000000   Number         0  __scatter_zi.o ABSOLUTE
    ../../angel/handlers.s                   0x00000000   Number         0  __scatter_copy.o ABSOLUTE
    ../../angel/kernel.s                     0x00000000   Number         0  rtexit2.o ABSOLUTE
    ../../angel/kernel.s                     0x00000000   Number         0  rtentry.o ABSOLUTE
    ../../angel/kernel.s                     0x00000000   Number         0  rtexit.o ABSOLUTE
    ../../angel/kernel.s                     0x00000000   Number         0  rtentry4.o ABSOLUTE
    ../../angel/kernel.s                     0x00000000   Number         0  rtentry2.o ABSOLUTE
    ../../angel/rt.s                         0x00000000   Number         0  rt_fp_status_addr.o ABSOLUTE
    ../../angel/rt.s                         0x00000000   Number         0  rt_fp_status_addr_intlibspace.o ABSOLUTE
    ../../angel/rt.s                         0x00000000   Number         0  rt_raise.o ABSOLUTE
    ../../angel/scatter.s                    0x00000000   Number         0  __scatter.o ABSOLUTE
    ../../angel/startup.s                    0x00000000   Number         0  __main.o ABSOLUTE
    ../../angel/sys.s                        0x00000000   Number         0  libspace.o ABSOLUTE
    ../../angel/sys.s                        0x00000000   Number         0  sys_stackheap_outer.o ABSOLUTE
    ../../angel/sys.s                        0x00000000   Number         0  use_no_semi.o ABSOLUTE
    ../../angel/sysapp.c                     0x00000000   Number         0  sys_command.o ABSOLUTE
    ../../angel/sysapp.c                     0x00000000   Number         0  sys_exit.o ABSOLUTE
    ../../angel/sysapp.c                     0x00000000   Number         0  sys_wrch.o ABSOLUTE
    ../../armsys.c                           0x00000000   Number         0  _get_argv_nomalloc.o ABSOLUTE
    ../../armsys.c                           0x00000000   Number         0  no_argv.o ABSOLUTE
    ../../armsys.c                           0x00000000   Number         0  argv_veneer.o ABSOLUTE
    ../../armsys.c                           0x00000000   Number         0  argv_veneer.o ABSOLUTE
    ../../d2f.s                              0x00000000   Number         0  d2f.o ABSOLUTE
    ../../ddiv.s                             0x00000000   Number         0  ddiv.o ABSOLUTE
    ../../dflt.s                             0x00000000   Number         0  dflt_clz.o ABSOLUTE
    ../../dnaninf.s                          0x00000000   Number         0  dnaninf.o ABSOLUTE
    ../../dretinf.s                          0x00000000   Number         0  dretinf.o ABSOLUTE
    ../../faddsub.s                          0x00000000   Number         0  faddsub_clz.o ABSOLUTE
    ../../ffix.s                             0x00000000   Number         0  ffix.o ABSOLUTE
    ../../fflt.s                             0x00000000   Number         0  fflt_clz.o ABSOLUTE
    ../../fmul.s                             0x00000000   Number         0  fmul.o ABSOLUTE
    ../../fnaninf.s                          0x00000000   Number         0  fnaninf.o ABSOLUTE
    ../../fpinit.s                           0x00000000   Number         0  fpinit.o ABSOLUTE
    ../../fretinf.s                          0x00000000   Number         0  fretinf.o ABSOLUTE
    ../../heapalloc.c                        0x00000000   Number         0  hrguard.o ABSOLUTE
    ../../heapaux.c                          0x00000000   Number         0  heapauxi.o ABSOLUTE
    ../../libinit.s                          0x00000000   Number         0  libinit2.o ABSOLUTE
    ../../libinit.s                          0x00000000   Number         0  libshutdown.o ABSOLUTE
    ../../libinit.s                          0x00000000   Number         0  libshutdown2.o ABSOLUTE
    ../../libinit.s                          0x00000000   Number         0  libinit.o ABSOLUTE
    ../../signal.c                           0x00000000   Number         0  defsig_rtred_inner.o ABSOLUTE
    ../../signal.c                           0x00000000   Number         0  defsig_rtmem_formal.o ABSOLUTE
    ../../signal.c                           0x00000000   Number         0  defsig_rtmem_outer.o ABSOLUTE
    ../../signal.c                           0x00000000   Number         0  defsig_abrt_inner.o ABSOLUTE
    ../../signal.c                           0x00000000   Number         0  defsig_other.o ABSOLUTE
    ../../signal.c                           0x00000000   Number         0  defsig_fpe_inner.o ABSOLUTE
    ../../signal.c                           0x00000000   Number         0  defsig_segv_inner.o ABSOLUTE
    ../../signal.c                           0x00000000   Number         0  defsig_stak_inner.o ABSOLUTE
    ../../signal.c                           0x00000000   Number         0  defsig_general.o ABSOLUTE
    ../../signal.c                           0x00000000   Number         0  __raise.o ABSOLUTE
    ../../signal.c                           0x00000000   Number         0  defsig_rtmem_inner.o ABSOLUTE
    ../../signal.c                           0x00000000   Number         0  defsig_exit.o ABSOLUTE
    ../../signal.c                           0x00000000   Number         0  defsig_pvfn_inner.o ABSOLUTE
    ../../signal.c                           0x00000000   Number         0  defsig_cppl_inner.o ABSOLUTE
    ../../signal.s                           0x00000000   Number         0  defsig.o ABSOLUTE
    ../../stdlib.c                           0x00000000   Number         0  exit.o ABSOLUTE
    ../../usenofp.s                          0x00000000   Number         0  usenofp.o ABSOLUTE
    Drive.c                                  0x00000000   Number         0  drive.o ABSOLUTE
    Functions.c                              0x00000000   Number         0  functions.o ABSOLUTE
    RIT.c                                    0x00000000   Number         0  rit.o ABSOLUTE
    Timer.c                                  0x00000000   Number         0  timer.o ABSOLUTE
    dc.s                                     0x00000000   Number         0  dc.o ABSOLUTE
    delay.c                                  0x00000000   Number         0  delay.o ABSOLUTE
    exti.c                                   0x00000000   Number         0  exti.o ABSOLUTE
    main.c                                   0x00000000   Number         0  main.o ABSOLUTE
    pwm.c                                    0x00000000   Number         0  pwm.o ABSOLUTE
    startup_LPC17xx.s                        0x00000000   Number         0  startup_lpc17xx.o ABSOLUTE
    system_LPC17xx.c                         0x00000000   Number         0  system_lpc17xx.o ABSOLUTE
    uart.c                                   0x00000000   Number         0  uart.o ABSOLUTE
    RESET                                    0x00002000   Section      204  startup_lpc17xx.o(RESET)
    !!!main                                  0x000020cc   Section        8  __main.o(!!!main)
    !!!scatter                               0x000020d4   Section       52  __scatter.o(!!!scatter)
    !!handler_copy                           0x00002108   Section       26  __scatter_copy.o(!!handler_copy)
    !!handler_zi                             0x00002124   Section       28  __scatter_zi.o(!!handler_zi)
    .ARM.Collect$$libinit$$00000000          0x00002140   Section        6  libinit.o(.ARM.Collect$$libinit$$00000000)
    .ARM.Collect$$libinit$$00000006          0x00002146   Section        0  libinit2.o(.ARM.Collect$$libinit$$00000006)
    .ARM.Collect$$libinit$$00000008          0x00002146   Section        0  libinit2.o(.ARM.Collect$$libinit$$00000008)
    .ARM.Collect$$libinit$$0000000A          0x00002146   Section        0  libinit2.o(.ARM.Collect$$libinit$$0000000A)
    .ARM.Collect$$libinit$$0000000D          0x00002146   Section        0  libinit2.o(.ARM.Collect$$libinit$$0000000D)
    .ARM.Collect$$libinit$$0000000F          0x00002146   Section        0  libinit2.o(.ARM.Collect$$libinit$$0000000F)
    .ARM.Collect$$libinit$$00000011          0x00002146   Section        0  libinit2.o(.ARM.Collect$$libinit$$00000011)
    .ARM.Collect$$libinit$$00000013          0x00002146   Section        0  libinit2.o(.ARM.Collect$$libinit$$00000013)
    .ARM.Collect$$libinit$$00000015          0x00002146   Section        0  libinit2.o(.ARM.Collect$$libinit$$00000015)
    .ARM.Collect$$libinit$$00000017          0x00002146   Section        0  libinit2.o(.ARM.Collect$$libinit$$00000017)
    .ARM.Collect$$libinit$$00000019          0x00002146   Section        0  libinit2.o(.ARM.Collect$$libinit$$00000019)
    .ARM.Collect$$libinit$$0000001B          0x00002146   Section        0  libinit2.o(.ARM.Collect$$libinit$$0000001B)
    .ARM.Collect$$libinit$$0000001D          0x00002146   Section        0  libinit2.o(.ARM.Collect$$libinit$$0000001D)
    .ARM.Collect$$libinit$$0000001F          0x00002146   Section        0  libinit2.o(.ARM.Collect$$libinit$$0000001F)
    .ARM.Collect$$libinit$$00000021          0x00002146   Section        0  libinit2.o(.ARM.Collect$$libinit$$00000021)
    .ARM.Collect$$libinit$$00000028          0x00002146   Section        0  libinit2.o(.ARM.Collect$$libinit$$00000028)
    .ARM.Collect$$libinit$$0000002A          0x00002146   Section        0  libinit2.o(.ARM.Collect$$libinit$$0000002A)
    .ARM.Collect$$libinit$$0000002C          0x00002146   Section        0  libinit2.o(.ARM.Collect$$libinit$$0000002C)
    .ARM.Collect$$libinit$$0000002E          0x00002146   Section        0  libinit2.o(.ARM.Collect$$libinit$$0000002E)
    .ARM.Collect$$libinit$$0000002F          0x00002146   Section        2  libinit2.o(.ARM.Collect$$libinit$$0000002F)
    .ARM.Collect$$libshutdown$$00000000      0x00002148   Section        2  libshutdown.o(.ARM.Collect$$libshutdown$$00000000)
    .ARM.Collect$$libshutdown$$00000003      0x0000214a   Section        0  libshutdown2.o(.ARM.Collect$$libshutdown$$00000003)
    .ARM.Collect$$libshutdown$$00000006      0x0000214a   Section        0  libshutdown2.o(.ARM.Collect$$libshutdown$$00000006)
    .ARM.Collect$$libshutdown$$00000009      0x0000214a   Section        0  libshutdown2.o(.ARM.Collect$$libshutdown$$00000009)
    .ARM.Collect$$libshutdown$$0000000B      0x0000214a   Section        0  libshutdown2.o(.ARM.Collect$$libshutdown$$0000000B)
    .ARM.Collect$$libshutdown$$0000000E      0x0000214a   Section        0  libshutdown2.o(.ARM.Collect$$libshutdown$$0000000E)
    .ARM.Collect$$libshutdown$$0000000F      0x0000214a   Section        2  libshutdown2.o(.ARM.Collect$$libshutdown$$0000000F)
    .ARM.Collect$$rtentry$$00000000          0x0000214c   Section        0  rtentry.o(.ARM.Collect$$rtentry$$00000000)
    .ARM.Collect$$rtentry$$00000002          0x0000214c   Section        0  rtentry2.o(.ARM.Collect$$rtentry$$00000002)
    .ARM.Collect$$rtentry$$00000004          0x0000214c   Section        6  rtentry4.o(.ARM.Collect$$rtentry$$00000004)
    .ARM.Collect$$rtentry$$00000009          0x00002152   Section        0  rtentry2.o(.ARM.Collect$$rtentry$$00000009)
    .ARM.Collect$$rtentry$$0000000A          0x00002152   Section        4  rtentry2.o(.ARM.Collect$$rtentry$$0000000A)
    .ARM.Collect$$rtentry$$0000000C          0x00002156   Section        0  rtentry2.o(.ARM.Collect$$rtentry$$0000000C)
    .ARM.Collect$$rtentry$$0000000D          0x00002156   Section        8  rtentry2.o(.ARM.Collect$$rtentry$$0000000D)
    .ARM.Collect$$rtexit$$00000000           0x0000215e   Section        2  rtexit.o(.ARM.Collect$$rtexit$$00000000)
    .ARM.Collect$$rtexit$$00000002           0x00002160   Section        0  rtexit2.o(.ARM.Collect$$rtexit$$00000002)
    .ARM.Collect$$rtexit$$00000003           0x00002160   Section        4  rtexit2.o(.ARM.Collect$$rtexit$$00000003)
    .ARM.Collect$$rtexit$$00000004           0x00002164   Section        6  rtexit2.o(.ARM.Collect$$rtexit$$00000004)
    .text                                    0x0000216c   Section       52  startup_lpc17xx.o(.text)
    .text                                    0x000021a0   Section        0  system_lpc17xx.o(.text)
    .text                                    0x000023bc   Section        0  main.o(.text)
    .text                                    0x00002af0   Section        0  uart.o(.text)
    NVIC_EnableIRQ                           0x00002d3f   Thumb Code    24  uart.o(.text)
    .text                                    0x00002d70   Section        0  delay.o(.text)
    .text                                    0x00002d8c   Section        0  pwm.o(.text)
    .text                                    0x00002e14   Section        0  drive.o(.text)
    .text                                    0x00002fac   Section        0  timer.o(.text)
    .text                                    0x00003058   Section        0  exti.o(.text)
    NVIC_EnableIRQ                           0x000030bd   Thumb Code    24  exti.o(.text)
    .text                                    0x000030e0   Section        0  rit.o(.text)
    .text                                    0x00003140   Section        0  heapauxi.o(.text)
    .text                                    0x00003146   Section       74  sys_stackheap_outer.o(.text)
    .text                                    0x00003190   Section        0  exit.o(.text)
    .text                                    0x0000319c   Section        8  libspace.o(.text)
    .text                                    0x000031a4   Section       12  rt_fp_status_addr_intlibspace.o(.text)
    .text                                    0x000031b0   Section        0  sys_exit.o(.text)
    .text                                    0x000031bc   Section        2  use_no_semi.o(.text)
    x$fpl$d2f                                0x000031c0   Section       98  d2f.o(x$fpl$d2f)
    x$fpl$ddiv                               0x00003224   Section      688  ddiv.o(x$fpl$ddiv)
    ddiv_entry                               0x0000322b   Thumb Code     0  ddiv.o(x$fpl$ddiv)
    x$fpl$dflt                               0x000034d4   Section       46  dflt_clz.o(x$fpl$dflt)
    x$fpl$dnaninf                            0x00003502   Section      156  dnaninf.o(x$fpl$dnaninf)
    x$fpl$dretinf                            0x0000359e   Section       12  dretinf.o(x$fpl$dretinf)
    x$fpl$fadd                               0x000035ac   Section      196  faddsub_clz.o(x$fpl$fadd)
    _fadd1                                   0x000035bb   Thumb Code     0  faddsub_clz.o(x$fpl$fadd)
    x$fpl$ffix                               0x00003670   Section       54  ffix.o(x$fpl$ffix)
    x$fpl$fflt                               0x000036a8   Section       48  fflt_clz.o(x$fpl$fflt)
    x$fpl$fmul                               0x000036d8   Section      258  fmul.o(x$fpl$fmul)
    x$fpl$fnaninf                            0x000037da   Section      140  fnaninf.o(x$fpl$fnaninf)
    x$fpl$fpinit                             0x00003866   Section       14  fpinit.o(x$fpl$fpinit)
    x$fpl$fretinf                            0x00003874   Section       10  fretinf.o(x$fpl$fretinf)
    x$fpl$fsub                               0x00003880   Section      234  faddsub_clz.o(x$fpl$fsub)
    _fsub1                                   0x0000388f   Thumb Code     0  faddsub_clz.o(x$fpl$fsub)
    x$fpl$usenofp                            0x0000396a   Section        0  usenofp.o(x$fpl$usenofp)
    .data                                    0x10000000   Section        4  system_lpc17xx.o(.data)
    .data                                    0x10000004   Section      176  main.o(.data)
    .data                                    0x100000b4   Section        8  pwm.o(.data)
    .bss                                     0x100000bc   Section       40  main.o(.bss)
    .bss                                     0x100000e4   Section       96  libspace.o(.bss)
    HEAP                                     0x10000148   Section        0  startup_lpc17xx.o(HEAP)
    STACK                                    0x10000148   Section      512  startup_lpc17xx.o(STACK)
    Heap_Mem                                 0x10000148   Data           0  startup_lpc17xx.o(HEAP)
    Stack_Mem                                0x10000148   Data         512  startup_lpc17xx.o(STACK)
    __initial_sp                             0x10000348   Data           0  startup_lpc17xx.o(STACK)

    Global Symbols

    Symbol Name                              Value     Ov Type        Size  Object(Section)

    BuildAttributes$$THM_ISAv4$P$D$K$B$S$PE$A:L22UL41UL21$X:L11$S22US41US21$IEEE1$IW$USESV6$~STKCKD$USESV7$~SHL$OSPACE$ROPI$EBA8$UX$STANDARDLIB$REQ8$PRES8$EABIv2 0x00000000   Number         0  anon$$obj.o ABSOLUTE
    __ARM_use_no_argv                        0x00000000   Number         0  main.o ABSOLUTE
    __ARM_exceptions_init                     - Undefined Weak Reference
    __alloca_initialize                       - Undefined Weak Reference
    __cpp_initialize__aeabi_                  - Undefined Weak Reference
    __cxa_finalize                            - Undefined Weak Reference
    __rt_locale                               - Undefined Weak Reference
    __sigvec_lookup                           - Undefined Weak Reference
    _atexit_init                              - Undefined Weak Reference
    _call_atexit_fns                          - Undefined Weak Reference
    _clock_init                               - Undefined Weak Reference
    _fp_trap_init                             - Undefined Weak Reference
    _fp_trap_shutdown                         - Undefined Weak Reference
    _get_lc_collate                           - Undefined Weak Reference
    _get_lc_ctype                             - Undefined Weak Reference
    _get_lc_monetary                          - Undefined Weak Reference
    _get_lc_numeric                           - Undefined Weak Reference
    _get_lc_time                              - Undefined Weak Reference
    _getenv_init                              - Undefined Weak Reference
    _handle_redirection                       - Undefined Weak Reference
    _init_alloc                               - Undefined Weak Reference
    _init_user_alloc                          - Undefined Weak Reference
    _initio                                   - Undefined Weak Reference
    _rand_init                                - Undefined Weak Reference
    _signal_finish                            - Undefined Weak Reference
    _signal_init                              - Undefined Weak Reference
    _terminate_alloc                          - Undefined Weak Reference
    _terminate_user_alloc                     - Undefined Weak Reference
    _terminateio                              - Undefined Weak Reference
    __Vectors                                0x00002000   Data           4  startup_lpc17xx.o(RESET)
    __main                                   0x000020cd   Thumb Code     8  __main.o(!!!main)
    __scatterload                            0x000020d5   Thumb Code     0  __scatter.o(!!!scatter)
    __scatterload_rt2                        0x000020d5   Thumb Code    44  __scatter.o(!!!scatter)
    __scatterload_rt2_thumb_only             0x000020d5   Thumb Code     0  __scatter.o(!!!scatter)
    __scatterload_null                       0x000020e3   Thumb Code     0  __scatter.o(!!!scatter)
    __scatterload_copy                       0x00002109   Thumb Code    26  __scatter_copy.o(!!handler_copy)
    __scatterload_zeroinit                   0x00002125   Thumb Code    28  __scatter_zi.o(!!handler_zi)
    __rt_lib_init                            0x00002141   Thumb Code     0  libinit.o(.ARM.Collect$$libinit$$00000000)
    __rt_lib_init_alloca_1                   0x00002147   Thumb Code     0  libinit2.o(.ARM.Collect$$libinit$$0000002A)
    __rt_lib_init_argv_1                     0x00002147   Thumb Code     0  libinit2.o(.ARM.Collect$$libinit$$00000028)
    __rt_lib_init_atexit_1                   0x00002147   Thumb Code     0  libinit2.o(.ARM.Collect$$libinit$$00000017)
    __rt_lib_init_clock_1                    0x00002147   Thumb Code     0  libinit2.o(.ARM.Collect$$libinit$$0000001D)
    __rt_lib_init_cpp_1                      0x00002147   Thumb Code     0  libinit2.o(.ARM.Collect$$libinit$$0000002E)
    __rt_lib_init_exceptions_1               0x00002147   Thumb Code     0  libinit2.o(.ARM.Collect$$libinit$$0000002C)
    __rt_lib_init_fp_trap_1                  0x00002147   Thumb Code     0  libinit2.o(.ARM.Collect$$libinit$$0000001B)
    __rt_lib_init_getenv_1                   0x00002147   Thumb Code     0  libinit2.o(.ARM.Collect$$libinit$$0000001F)
    __rt_lib_init_heap_1                     0x00002147   Thumb Code     0  libinit2.o(.ARM.Collect$$libinit$$00000006)
    __rt_lib_init_lc_collate_1               0x00002147   Thumb Code     0  libinit2.o(.ARM.Collect$$libinit$$0000000D)
    __rt_lib_init_lc_ctype_1                 0x00002147   Thumb Code     0  libinit2.o(.ARM.Collect$$libinit$$0000000F)
    __rt_lib_init_lc_monetary_1              0x00002147   Thumb Code     0  libinit2.o(.ARM.Collect$$libinit$$00000011)
    __rt_lib_init_lc_numeric_1               0x00002147   Thumb Code     0  libinit2.o(.ARM.Collect$$libinit$$00000013)
    __rt_lib_init_lc_time_1                  0x00002147   Thumb Code     0  libinit2.o(.ARM.Collect$$libinit$$00000015)
    __rt_lib_init_rand_1                     0x00002147   Thumb Code     0  libinit2.o(.ARM.Collect$$libinit$$0000000A)
    __rt_lib_init_return                     0x00002147   Thumb Code     0  libinit2.o(.ARM.Collect$$libinit$$0000002F)
    __rt_lib_init_signal_1                   0x00002147   Thumb Code     0  libinit2.o(.ARM.Collect$$libinit$$00000019)
    __rt_lib_init_stdio_1                    0x00002147   Thumb Code     0  libinit2.o(.ARM.Collect$$libinit$$00000021)
    __rt_lib_init_user_alloc_1               0x00002147   Thumb Code     0  libinit2.o(.ARM.Collect$$libinit$$00000008)
    __rt_lib_shutdown                        0x00002149   Thumb Code     0  libshutdown.o(.ARM.Collect$$libshutdown$$00000000)
    __rt_lib_shutdown_fp_trap_1              0x0000214b   Thumb Code     0  libshutdown2.o(.ARM.Collect$$libshutdown$$00000006)
    __rt_lib_shutdown_heap_1                 0x0000214b   Thumb Code     0  libshutdown2.o(.ARM.Collect$$libshutdown$$0000000E)
    __rt_lib_shutdown_return                 0x0000214b   Thumb Code     0  libshutdown2.o(.ARM.Collect$$libshutdown$$0000000F)
    __rt_lib_shutdown_signal_1               0x0000214b   Thumb Code     0  libshutdown2.o(.ARM.Collect$$libshutdown$$00000009)
    __rt_lib_shutdown_stdio_1                0x0000214b   Thumb Code     0  libshutdown2.o(.ARM.Collect$$libshutdown$$00000003)
    __rt_lib_shutdown_user_alloc_1           0x0000214b   Thumb Code     0  libshutdown2.o(.ARM.Collect$$libshutdown$$0000000B)
    __rt_entry                               0x0000214d   Thumb Code     0  rtentry.o(.ARM.Collect$$rtentry$$00000000)
    __rt_entry_presh_1                       0x0000214d   Thumb Code     0  rtentry2.o(.ARM.Collect$$rtentry$$00000002)
    __rt_entry_sh                            0x0000214d   Thumb Code     0  rtentry4.o(.ARM.Collect$$rtentry$$00000004)
    __rt_entry_li                            0x00002153   Thumb Code     0  rtentry2.o(.ARM.Collect$$rtentry$$0000000A)
    __rt_entry_postsh_1                      0x00002153   Thumb Code     0  rtentry2.o(.ARM.Collect$$rtentry$$00000009)
    __rt_entry_main                          0x00002157   Thumb Code     0  rtentry2.o(.ARM.Collect$$rtentry$$0000000D)
    __rt_entry_postli_1                      0x00002157   Thumb Code     0  rtentry2.o(.ARM.Collect$$rtentry$$0000000C)
    __rt_exit                                0x0000215f   Thumb Code     0  rtexit.o(.ARM.Collect$$rtexit$$00000000)
    __rt_exit_ls                             0x00002161   Thumb Code     0  rtexit2.o(.ARM.Collect$$rtexit$$00000003)
    __rt_exit_prels_1                        0x00002161   Thumb Code     0  rtexit2.o(.ARM.Collect$$rtexit$$00000002)
    __rt_exit_exit                           0x00002165   Thumb Code     0  rtexit2.o(.ARM.Collect$$rtexit$$00000004)
    Reset_Handler                            0x0000216d   Thumb Code     4  startup_lpc17xx.o(.text)
    NMI_Handler                              0x00002171   Thumb Code     2  startup_lpc17xx.o(.text)
    HardFault_Handler                        0x00002173   Thumb Code     2  startup_lpc17xx.o(.text)
    MemManage_Handler                        0x00002175   Thumb Code     2  startup_lpc17xx.o(.text)
    BusFault_Handler                         0x00002177   Thumb Code     2  startup_lpc17xx.o(.text)
    UsageFault_Handler                       0x00002179   Thumb Code     2  startup_lpc17xx.o(.text)
    SVC_Handler                              0x0000217b   Thumb Code     2  startup_lpc17xx.o(.text)
    DebugMon_Handler                         0x0000217d   Thumb Code     2  startup_lpc17xx.o(.text)
    PendSV_Handler                           0x0000217f   Thumb Code     2  startup_lpc17xx.o(.text)
    SysTick_Handler                          0x00002181   Thumb Code     2  startup_lpc17xx.o(.text)
    ADC_IRQHandler                           0x00002183   Thumb Code     0  startup_lpc17xx.o(.text)
    BOD_IRQHandler                           0x00002183   Thumb Code     0  startup_lpc17xx.o(.text)
    CANActivity_IRQHandler                   0x00002183   Thumb Code     0  startup_lpc17xx.o(.text)
    CAN_IRQHandler                           0x00002183   Thumb Code     0  startup_lpc17xx.o(.text)
    DMA_IRQHandler                           0x00002183   Thumb Code     0  startup_lpc17xx.o(.text)
    ENET_IRQHandler                          0x00002183   Thumb Code     0  startup_lpc17xx.o(.text)
    I2C0_IRQHandler                          0x00002183   Thumb Code     0  startup_lpc17xx.o(.text)
    I2C1_IRQHandler                          0x00002183   Thumb Code     0  startup_lpc17xx.o(.text)
    I2C2_IRQHandler                          0x00002183   Thumb Code     0  startup_lpc17xx.o(.text)
    I2S_IRQHandler                           0x00002183   Thumb Code     0  startup_lpc17xx.o(.text)
    MCPWM_IRQHandler                         0x00002183   Thumb Code     0  startup_lpc17xx.o(.text)
    PLL0_IRQHandler                          0x00002183   Thumb Code     0  startup_lpc17xx.o(.text)
    PLL1_IRQHandler                          0x00002183   Thumb Code     0  startup_lpc17xx.o(.text)
    PWM1_IRQHandler                          0x00002183   Thumb Code     0  startup_lpc17xx.o(.text)
    QEI_IRQHandler                           0x00002183   Thumb Code     0  startup_lpc17xx.o(.text)
    RTC_IRQHandler                           0x00002183   Thumb Code     0  startup_lpc17xx.o(.text)
    SPI_IRQHandler                           0x00002183   Thumb Code     0  startup_lpc17xx.o(.text)
    SSP0_IRQHandler                          0x00002183   Thumb Code     0  startup_lpc17xx.o(.text)
    SSP1_IRQHandler                          0x00002183   Thumb Code     0  startup_lpc17xx.o(.text)
    TIMER0_IRQHandler                        0x00002183   Thumb Code     0  startup_lpc17xx.o(.text)
    TIMER1_IRQHandler                        0x00002183   Thumb Code     0  startup_lpc17xx.o(.text)
    TIMER2_IRQHandler                        0x00002183   Thumb Code     0  startup_lpc17xx.o(.text)
    TIMER3_IRQHandler                        0x00002183   Thumb Code     0  startup_lpc17xx.o(.text)
    UART0_IRQHandler                         0x00002183   Thumb Code     0  startup_lpc17xx.o(.text)
    UART1_IRQHandler                         0x00002183   Thumb Code     0  startup_lpc17xx.o(.text)
    UART3_IRQHandler                         0x00002183   Thumb Code     0  startup_lpc17xx.o(.text)
    USBActivity_IRQHandler                   0x00002183   Thumb Code     0  startup_lpc17xx.o(.text)
    USB_IRQHandler                           0x00002183   Thumb Code     0  startup_lpc17xx.o(.text)
    WDT_IRQHandler                           0x00002183   Thumb Code     0  startup_lpc17xx.o(.text)
    __user_initial_stackheap                 0x00002185   Thumb Code     0  startup_lpc17xx.o(.text)
    SystemInit                               0x000021a1   Thumb Code   476  system_lpc17xx.o(.text)
    RIT_IRQHandler                           0x000023bd   Thumb Code  1218  main.o(.text)
    sendpacket                               0x0000287f   Thumb Code   136  main.o(.text)
    main                                     0x00002907   Thumb Code    82  main.o(.text)
    EINT0_IRQHandler                         0x00002959   Thumb Code    30  main.o(.text)
    EINT1_IRQHandler                         0x00002977   Thumb Code    30  main.o(.text)
    EINT2_IRQHandler                         0x00002995   Thumb Code    32  main.o(.text)
    EINT3_IRQHandler                         0x000029b5   Thumb Code    30  main.o(.text)
    call                                     0x000029d3   Thumb Code   138  main.o(.text)
    UART2_IRQHandler                         0x00002a5d   Thumb Code    64  main.o(.text)
    UART3_Init                               0x00002af1   Thumb Code   124  uart.o(.text)
    UART3_SendByte                           0x00002b6d   Thumb Code    22  uart.o(.text)
    UART3_GetChar                            0x00002b83   Thumb Code    18  uart.o(.text)
    UART2_Init                               0x00002b95   Thumb Code   116  uart.o(.text)
    UART2_SendByte                           0x00002c09   Thumb Code    22  uart.o(.text)
    UART2_GetChar                            0x00002c1f   Thumb Code    18  uart.o(.text)
    UART3_SendChar                           0x00002c31   Thumb Code   124  uart.o(.text)
    UART2_SendChar                           0x00002cad   Thumb Code   124  uart.o(.text)
    UART2_SendString                         0x00002d29   Thumb Code    22  uart.o(.text)
    delay                                    0x00002d71   Thumb Code    26  delay.o(.text)
    PWM_Start                                0x00002d8d   Thumb Code    14  pwm.o(.text)
    PWM_Init                                 0x00002d9b   Thumb Code    68  pwm.o(.text)
    PWM_Set                                  0x00002ddf   Thumb Code    40  pwm.o(.text)
    Drive                                    0x00002e15   Thumb Code   398  drive.o(.text)
    Timer_Init                               0x00002fad   Thumb Code    98  timer.o(.text)
    Timer0Reset                              0x0000300f   Thumb Code    14  timer.o(.text)
    Timer1Reset                              0x0000301d   Thumb Code    12  timer.o(.text)
    Timer2Reset                              0x00003029   Thumb Code    12  timer.o(.text)
    Timer3Reset                              0x00003035   Thumb Code    12  timer.o(.text)
    EXTI_Init                                0x00003059   Thumb Code   100  exti.o(.text)
    RIT_Init                                 0x000030e1   Thumb Code    80  rit.o(.text)
    __use_two_region_memory                  0x00003141   Thumb Code     2  heapauxi.o(.text)
    __rt_heap_escrow$2region                 0x00003143   Thumb Code     2  heapauxi.o(.text)
    __rt_heap_expand$2region                 0x00003145   Thumb Code     2  heapauxi.o(.text)
    __user_setup_stackheap                   0x00003147   Thumb Code    74  sys_stackheap_outer.o(.text)
    exit                                     0x00003191   Thumb Code    12  exit.o(.text)
    __user_libspace                          0x0000319d   Thumb Code     8  libspace.o(.text)
    __user_perproc_libspace                  0x0000319d   Thumb Code     0  libspace.o(.text)
    __user_perthread_libspace                0x0000319d   Thumb Code     0  libspace.o(.text)
    __rt_fp_status_addr                      0x000031a5   Thumb Code    12  rt_fp_status_addr_intlibspace.o(.text)
    _sys_exit                                0x000031b1   Thumb Code     8  sys_exit.o(.text)
    __I$use$semihosting                      0x000031bd   Thumb Code     0  use_no_semi.o(.text)
    __use_no_semihosting_swi                 0x000031bd   Thumb Code     2  use_no_semi.o(.text)
    __aeabi_d2f                              0x000031c1   Thumb Code     0  d2f.o(x$fpl$d2f)
    _d2f                                     0x000031c1   Thumb Code    98  d2f.o(x$fpl$d2f)
    __aeabi_ddiv                             0x00003225   Thumb Code     0  ddiv.o(x$fpl$ddiv)
    _ddiv                                    0x00003225   Thumb Code   552  ddiv.o(x$fpl$ddiv)
    __aeabi_i2d                              0x000034d5   Thumb Code     0  dflt_clz.o(x$fpl$dflt)
    _dflt                                    0x000034d5   Thumb Code    46  dflt_clz.o(x$fpl$dflt)
    __fpl_dnaninf                            0x00003503   Thumb Code   156  dnaninf.o(x$fpl$dnaninf)
    __fpl_dretinf                            0x0000359f   Thumb Code    12  dretinf.o(x$fpl$dretinf)
    __aeabi_fadd                             0x000035ad   Thumb Code     0  faddsub_clz.o(x$fpl$fadd)
    _fadd                                    0x000035ad   Thumb Code   196  faddsub_clz.o(x$fpl$fadd)
    __aeabi_f2iz                             0x00003671   Thumb Code     0  ffix.o(x$fpl$ffix)
    _ffix                                    0x00003671   Thumb Code    54  ffix.o(x$fpl$ffix)
    __aeabi_i2f                              0x000036a9   Thumb Code     0  fflt_clz.o(x$fpl$fflt)
    _fflt                                    0x000036a9   Thumb Code    48  fflt_clz.o(x$fpl$fflt)
    __aeabi_fmul                             0x000036d9   Thumb Code     0  fmul.o(x$fpl$fmul)
    _fmul                                    0x000036d9   Thumb Code   258  fmul.o(x$fpl$fmul)
    __fpl_fnaninf                            0x000037db   Thumb Code   140  fnaninf.o(x$fpl$fnaninf)
    _fp_init                                 0x00003867   Thumb Code    14  fpinit.o(x$fpl$fpinit)
    __fplib_config_pureend_doubles           0x00003873   Thumb Code     0  fpinit.o(x$fpl$fpinit)
    __fpl_fretinf                            0x00003875   Thumb Code    10  fretinf.o(x$fpl$fretinf)
    __aeabi_fsub                             0x00003881   Thumb Code     0  faddsub_clz.o(x$fpl$fsub)
    _fsub                                    0x00003881   Thumb Code   234  faddsub_clz.o(x$fpl$fsub)
    __I$use$fp                               0x0000396b   Thumb Code     0  usenofp.o(x$fpl$usenofp)
    Region$$Table$$Base                      0x0000396c   Number         0  anon$$obj.o(Region$$Table)
    Region$$Table$$Limit                     0x0000398c   Number         0  anon$$obj.o(Region$$Table)
    SystemFrequency                          0x10000000   Data           4  system_lpc17xx.o(.data)
    i                                        0x10000004   Data           4  main.o(.data)
    M1Time                                   0x10000008   Data           4  main.o(.data)
    M1DesireSpeed                            0x1000000c   Data           4  main.o(.data)
    M1RealSpeed                              0x10000010   Data           4  main.o(.data)
    M1PrError                                0x10000014   Data           4  main.o(.data)
    M1InError                                0x10000018   Data           4  main.o(.data)
    M1DiError                                0x1000001c   Data           4  main.o(.data)
    M1LastError                              0x10000020   Data           4  main.o(.data)
    M2Time                                   0x10000024   Data           4  main.o(.data)
    M2DesireSpeed                            0x10000028   Data           4  main.o(.data)
    M2RealSpeed                              0x1000002c   Data           4  main.o(.data)
    M2PrError                                0x10000030   Data           4  main.o(.data)
    M2InError                                0x10000034   Data           4  main.o(.data)
    M2DiError                                0x10000038   Data           4  main.o(.data)
    M2LastError                              0x1000003c   Data           4  main.o(.data)
    M3Time                                   0x10000040   Data           4  main.o(.data)
    M3DesireSpeed                            0x10000044   Data           4  main.o(.data)
    M3RealSpeed                              0x10000048   Data           4  main.o(.data)
    M3PrError                                0x1000004c   Data           4  main.o(.data)
    M3InError                                0x10000050   Data           4  main.o(.data)
    M3DiError                                0x10000054   Data           4  main.o(.data)
    M3LastError                              0x10000058   Data           4  main.o(.data)
    M4Time                                   0x1000005c   Data           4  main.o(.data)
    M4DesireSpeed                            0x10000060   Data           4  main.o(.data)
    M4RealSpeed                              0x10000064   Data           4  main.o(.data)
    M4PrError                                0x10000068   Data           4  main.o(.data)
    M4InError                                0x1000006c   Data           4  main.o(.data)
    M4DiError                                0x10000070   Data           4  main.o(.data)
    M4LastError                              0x10000074   Data           4  main.o(.data)
    kp                                       0x10000078   Data           4  main.o(.data)
    ki                                       0x1000007c   Data           4  main.o(.data)
    kd                                       0x10000080   Data           4  main.o(.data)
    Motor1Speed                              0x10000084   Data           4  main.o(.data)
    Motor2Speed                              0x10000088   Data           4  main.o(.data)
    Motor3Speed                              0x1000008c   Data           4  main.o(.data)
    Motor4Speed                              0x10000090   Data           4  main.o(.data)
    M1PID                                    0x10000094   Data           4  main.o(.data)
    M1FinalSpeed                             0x10000098   Data           4  main.o(.data)
    M2PID                                    0x1000009c   Data           4  main.o(.data)
    M2FinalSpeed                             0x100000a0   Data           4  main.o(.data)
    M3PID                                    0x100000a4   Data           4  main.o(.data)
    M3FinalSpeed                             0x100000a8   Data           4  main.o(.data)
    M4PID                                    0x100000ac   Data           4  main.o(.data)
    M4FinalSpeed                             0x100000b0   Data           4  main.o(.data)
    match_counter0                           0x100000b4   Data           4  pwm.o(.data)
    match_counter1                           0x100000b8   Data           4  pwm.o(.data)
    RecievePacket                            0x100000bc   Data          40  main.o(.bss)
    __libspace_start                         0x100000e4   Data          96  libspace.o(.bss)
    __temporary_stack_top$libspace           0x10000144   Data           0  libspace.o(.bss)



==============================================================================

Memory Map of the image

  Image Entry point : 0x000020cd

  Load Region LR_IROM1 (Base: 0x00002000, Size: 0x00001a48, Max: 0x00080000, ABSOLUTE)

    Execution Region ER_IROM1 (Base: 0x00002000, Size: 0x0000198c, Max: 0x00080000, ABSOLUTE)

    Base Addr    Size         Type   Attr      Idx    E Section Name        Object

    0x00002000   0x000000cc   Data   RO            3    RESET               startup_lpc17xx.o
    0x000020cc   0x00000008   Code   RO          205  * !!!main             c_w.l(__main.o)(c_w.l)
    0x000020d4   0x00000034   Code   RO          406    !!!scatter          c_w.l(__scatter.o)(c_w.l)
    0x00002108   0x0000001a   Code   RO          408    !!handler_copy      c_w.l(__scatter_copy.o)(c_w.l)
    0x00002122   0x00000002   PAD
    0x00002124   0x0000001c   Code   RO          410    !!handler_zi        c_w.l(__scatter_zi.o)(c_w.l)
    0x00002140   0x00000006   Code   RO          276    .ARM.Collect$$libinit$$00000000  c_w.l(libinit.o)(c_w.l)
    0x00002146   0x00000000   Code   RO          284    .ARM.Collect$$libinit$$00000006  c_w.l(libinit2.o)(c_w.l)
    0x00002146   0x00000000   Code   RO          286    .ARM.Collect$$libinit$$00000008  c_w.l(libinit2.o)(c_w.l)
    0x00002146   0x00000000   Code   RO          288    .ARM.Collect$$libinit$$0000000A  c_w.l(libinit2.o)(c_w.l)
    0x00002146   0x00000000   Code   RO          291    .ARM.Collect$$libinit$$0000000D  c_w.l(libinit2.o)(c_w.l)
    0x00002146   0x00000000   Code   RO          293    .ARM.Collect$$libinit$$0000000F  c_w.l(libinit2.o)(c_w.l)
    0x00002146   0x00000000   Code   RO          295    .ARM.Collect$$libinit$$00000011  c_w.l(libinit2.o)(c_w.l)
    0x00002146   0x00000000   Code   RO          297    .ARM.Collect$$libinit$$00000013  c_w.l(libinit2.o)(c_w.l)
    0x00002146   0x00000000   Code   RO          299    .ARM.Collect$$libinit$$00000015  c_w.l(libinit2.o)(c_w.l)
    0x00002146   0x00000000   Code   RO          301    .ARM.Collect$$libinit$$00000017  c_w.l(libinit2.o)(c_w.l)
    0x00002146   0x00000000   Code   RO          303    .ARM.Collect$$libinit$$00000019  c_w.l(libinit2.o)(c_w.l)
    0x00002146   0x00000000   Code   RO          305    .ARM.Collect$$libinit$$0000001B  c_w.l(libinit2.o)(c_w.l)
    0x00002146   0x00000000   Code   RO          307    .ARM.Collect$$libinit$$0000001D  c_w.l(libinit2.o)(c_w.l)
    0x00002146   0x00000000   Code   RO          309    .ARM.Collect$$libinit$$0000001F  c_w.l(libinit2.o)(c_w.l)
    0x00002146   0x00000000   Code   RO          311    .ARM.Collect$$libinit$$00000021  c_w.l(libinit2.o)(c_w.l)
    0x00002146   0x00000000   Code   RO          315    .ARM.Collect$$libinit$$00000028  c_w.l(libinit2.o)(c_w.l)
    0x00002146   0x00000000   Code   RO          317    .ARM.Collect$$libinit$$0000002A  c_w.l(libinit2.o)(c_w.l)
    0x00002146   0x00000000   Code   RO          319    .ARM.Collect$$libinit$$0000002C  c_w.l(libinit2.o)(c_w.l)
    0x00002146   0x00000000   Code   RO          321    .ARM.Collect$$libinit$$0000002E  c_w.l(libinit2.o)(c_w.l)
    0x00002146   0x00000002   Code   RO          322    .ARM.Collect$$libinit$$0000002F  c_w.l(libinit2.o)(c_w.l)
    0x00002148   0x00000002   Code   RO          348    .ARM.Collect$$libshutdown$$00000000  c_w.l(libshutdown.o)(c_w.l)
    0x0000214a   0x00000000   Code   RO          361    .ARM.Collect$$libshutdown$$00000003  c_w.l(libshutdown2.o)(c_w.l)
    0x0000214a   0x00000000   Code   RO          364    .ARM.Collect$$libshutdown$$00000006  c_w.l(libshutdown2.o)(c_w.l)
    0x0000214a   0x00000000   Code   RO          367    .ARM.Collect$$libshutdown$$00000009  c_w.l(libshutdown2.o)(c_w.l)
    0x0000214a   0x00000000   Code   RO          369    .ARM.Collect$$libshutdown$$0000000B  c_w.l(libshutdown2.o)(c_w.l)
    0x0000214a   0x00000000   Code   RO          372    .ARM.Collect$$libshutdown$$0000000E  c_w.l(libshutdown2.o)(c_w.l)
    0x0000214a   0x00000002   Code   RO          373    .ARM.Collect$$libshutdown$$0000000F  c_w.l(libshutdown2.o)(c_w.l)
    0x0000214c   0x00000000   Code   RO          237    .ARM.Collect$$rtentry$$00000000  c_w.l(rtentry.o)(c_w.l)
    0x0000214c   0x00000000   Code   RO          249    .ARM.Collect$$rtentry$$00000002  c_w.l(rtentry2.o)(c_w.l)
    0x0000214c   0x00000006   Code   RO          264    .ARM.Collect$$rtentry$$00000004  c_w.l(rtentry4.o)(c_w.l)
    0x00002152   0x00000000   Code   RO          251    .ARM.Collect$$rtentry$$00000009  c_w.l(rtentry2.o)(c_w.l)
    0x00002152   0x00000004   Code   RO          252    .ARM.Collect$$rtentry$$0000000A  c_w.l(rtentry2.o)(c_w.l)
    0x00002156   0x00000000   Code   RO          254    .ARM.Collect$$rtentry$$0000000C  c_w.l(rtentry2.o)(c_w.l)
    0x00002156   0x00000008   Code   RO          255    .ARM.Collect$$rtentry$$0000000D  c_w.l(rtentry2.o)(c_w.l)
    0x0000215e   0x00000002   Code   RO          280    .ARM.Collect$$rtexit$$00000000  c_w.l(rtexit.o)(c_w.l)
    0x00002160   0x00000000   Code   RO          326    .ARM.Collect$$rtexit$$00000002  c_w.l(rtexit2.o)(c_w.l)
    0x00002160   0x00000004   Code   RO          327    .ARM.Collect$$rtexit$$00000003  c_w.l(rtexit2.o)(c_w.l)
    0x00002164   0x00000006   Code   RO          328    .ARM.Collect$$rtexit$$00000004  c_w.l(rtexit2.o)(c_w.l)
    0x0000216a   0x00000002   PAD
    0x0000216c   0x00000034   Code   RO            4    .text               startup_lpc17xx.o
    0x000021a0   0x0000021c   Code   RO           10    .text               system_lpc17xx.o
    0x000023bc   0x00000734   Code   RO           39    .text               main.o
    0x00002af0   0x00000280   Code   RO           84    .text               uart.o
    0x00002d70   0x0000001a   Code   RO          112    .text               delay.o
    0x00002d8a   0x00000002   PAD
    0x00002d8c   0x00000088   Code   RO          121    .text               pwm.o
    0x00002e14   0x00000198   Code   RO          136    .text               drive.o
    0x00002fac   0x000000ac   Code   RO          151    .text               timer.o
    0x00003058   0x00000088   Code   RO          163    .text               exti.o
    0x000030e0   0x00000060   Code   RO          182    .text               rit.o
    0x00003140   0x00000006   Code   RO          203    .text               c_w.l(heapauxi.o)(c_w.l)
    0x00003146   0x0000004a   Code   RO          266    .text               c_w.l(sys_stackheap_outer.o)(c_w.l)
    0x00003190   0x0000000c   Code   RO          268    .text               c_w.l(exit.o)(c_w.l)
    0x0000319c   0x00000008   Code   RO          277    .text               c_w.l(libspace.o)(c_w.l)
    0x000031a4   0x0000000c   Code   RO          336    .text               c_w.l(rt_fp_status_addr_intlibspace.o)(c_w.l)
    0x000031b0   0x0000000c   Code   RO          340    .text               c_w.l(sys_exit.o)(c_w.l)
    0x000031bc   0x00000002   Code   RO          351    .text               c_w.l(use_no_semi.o)(c_w.l)
    0x000031be   0x00000002   PAD
    0x000031c0   0x00000062   Code   RO          207    x$fpl$d2f           fz_ws.l(d2f.o)(fz_ws.l)
    0x00003222   0x00000002   PAD
    0x00003224   0x000002b0   Code   RO          210    x$fpl$ddiv          fz_ws.l(ddiv.o)(fz_ws.l)
    0x000034d4   0x0000002e   Code   RO          214    x$fpl$dflt          fz_ws.l(dflt_clz.o)(fz_ws.l)
    0x00003502   0x0000009c   Code   RO          239    x$fpl$dnaninf       fz_ws.l(dnaninf.o)(fz_ws.l)
    0x0000359e   0x0000000c   Code   RO          241    x$fpl$dretinf       fz_ws.l(dretinf.o)(fz_ws.l)
    0x000035aa   0x00000002   PAD
    0x000035ac   0x000000c4   Code   RO          219    x$fpl$fadd          fz_ws.l(faddsub_clz.o)(fz_ws.l)
    0x00003670   0x00000036   Code   RO          225    x$fpl$ffix          fz_ws.l(ffix.o)(fz_ws.l)
    0x000036a6   0x00000002   PAD
    0x000036a8   0x00000030   Code   RO          230    x$fpl$fflt          fz_ws.l(fflt_clz.o)(fz_ws.l)
    0x000036d8   0x00000102   Code   RO          235    x$fpl$fmul          fz_ws.l(fmul.o)(fz_ws.l)
    0x000037da   0x0000008c   Code   RO          243    x$fpl$fnaninf       fz_ws.l(fnaninf.o)(fz_ws.l)
    0x00003866   0x0000000e   Code   RO          323    x$fpl$fpinit        fz_ws.l(fpinit.o)(fz_ws.l)
    0x00003874   0x0000000a   Code   RO          245    x$fpl$fretinf       fz_ws.l(fretinf.o)(fz_ws.l)
    0x0000387e   0x00000002   PAD
    0x00003880   0x000000ea   Code   RO          221    x$fpl$fsub          fz_ws.l(faddsub_clz.o)(fz_ws.l)
    0x0000396a   0x00000000   Code   RO          247    x$fpl$usenofp       fz_ws.l(usenofp.o)(fz_ws.l)
    0x0000396a   0x00000002   PAD
    0x0000396c   0x00000020   Data   RO          404    Region$$Table       anon$$obj.o


    Execution Region RW_IRAM1 (Base: 0x10000000, Size: 0x00000348, Max: 0x00008000, ABSOLUTE)

    Base Addr    Size         Type   Attr      Idx    E Section Name        Object

    0x10000000   0x00000004   Data   RW           11    .data               system_lpc17xx.o
    0x10000004   0x000000b0   Data   RW           41    .data               main.o
    0x100000b4   0x00000008   Data   RW          122    .data               pwm.o
    0x100000bc   0x00000028   Zero   RW           40    .bss                main.o
    0x100000e4   0x00000060   Zero   RW          278    .bss                c_w.l(libspace.o)(c_w.l)
    0x10000144   0x00000004   PAD
    0x10000148   0x00000000   Zero   RW            2    HEAP                startup_lpc17xx.o
    0x10000148   0x00000200   Zero   RW            1    STACK               startup_lpc17xx.o


==============================================================================

Image component sizes


      Code (inc. data)   RO Data    RW Data    ZI Data      Debug   Object Name

        26          0          0          0          0          0   delay.o
       408         10          0          0          0          0   drive.o
       136         12          0          0          0          0   exti.o
      1844        252          0        176         40          0   main.o
       136         14          0          8          0          0   pwm.o
        96         16          0          0          0          0   rit.o
        52         18        204          0        512          0   startup_lpc17xx.o
       540         64          0          4          0          0   system_lpc17xx.o
       172         24          0          0          0          0   timer.o
       640         26          0          0          0          0   uart.o

    ----------------------------------------------------------------------
      4052        436        236        188        552          0   Object Totals
         0          0         32          0          0          0   (incl. Generated)
         2          0          0          0          0          0   (incl. Padding)

    ----------------------------------------------------------------------

      Code (inc. data)   RO Data    RW Data    ZI Data      Debug   Library Member Name

         8          0          0          0          0          0   __main.o
        52          8          0          0          0          0   __scatter.o
        26          0          0          0          0          0   __scatter_copy.o
        28          0          0          0          0          0   __scatter_zi.o
        12          0          0          0          0          0   exit.o
         6          0          0          0          0          0   heapauxi.o
         6          0          0          0          0          0   libinit.o
         2          0          0          0          0          0   libinit2.o
         2          0          0          0          0          0   libshutdown.o
         2          0          0          0          0          0   libshutdown2.o
         8          4          0          0         96          0   libspace.o
        12          4          0          0          0          0   rt_fp_status_addr_intlibspace.o
         0          0          0          0          0          0   rtentry.o
        12          0          0          0          0          0   rtentry2.o
         6          0          0          0          0          0   rtentry4.o
         2          0          0          0          0          0   rtexit.o
        10          0          0          0          0          0   rtexit2.o
        12          4          0          0          0          0   sys_exit.o
        74          0          0          0          0          0   sys_stackheap_outer.o
         2          0          0          0          0          0   use_no_semi.o
        98          4          0          0          0          0   d2f.o
       688        140          0          0          0          0   ddiv.o
        46          0          0          0          0          0   dflt_clz.o
       156          4          0          0          0          0   dnaninf.o
        12          0          0          0          0          0   dretinf.o
       430          8          0          0          0          0   faddsub_clz.o
        54          4          0          0          0          0   ffix.o
        48          0          0          0          0          0   fflt_clz.o
       258          4          0          0          0          0   fmul.o
       140          4          0          0          0          0   fnaninf.o
        14          0          0          0          0          0   fpinit.o
        10          0          0          0          0          0   fretinf.o
         0          0          0          0          0          0   usenofp.o

    ----------------------------------------------------------------------
      2252        188          0          0        100          0   Library Totals
        16          0          0          0          4          0   (incl. Padding)

    ----------------------------------------------------------------------

      Code (inc. data)   RO Data    RW Data    ZI Data      Debug   Library Name

       282         20          0          0         96        640   c_w.l
      1954        168          0          0          0       1164   fz_ws.l

    ----------------------------------------------------------------------
      2252        188          0          0        100          0   Library Totals

    ----------------------------------------------------------------------

==============================================================================


      Code (inc. data)   RO Data    RW Data    ZI Data      Debug   

      6304        624        236        188        652     117108   Grand Totals
      6304        624        236        188        652     117108   ELF Image Totals
      6304        624        236        188          0          0   ROM Totals

==============================================================================

    Total RO  Size (Code + RO Data)                 6540 (   6.39kB)
    Total RW  Size (RW Data + ZI Data)               840 (   0.82kB)
    Total ROM Size (Code + RO Data + RW Data)       6728 (   6.57kB)

==============================================================================

